Archive member included to satisfy reference by file (symbol)

/opt/st/stm32cubeide_1.8.0/plugins/com.st.stm32cube.ide.mcu.externaltools.gnu-tools-for-stm32.9-2020-q2-update.linux64_2.0.0.202105311346/tools/bin/../lib/gcc/arm-none-eabi/9.3.1/../../../../arm-none-eabi/lib/thumb/v7e-m+fp/hard/libc_nano.a(lib_a-errno.o)
                              ./Core/Src/syscalls.o (__errno)
/opt/st/stm32cubeide_1.8.0/plugins/com.st.stm32cube.ide.mcu.externaltools.gnu-tools-for-stm32.9-2020-q2-update.linux64_2.0.0.202105311346/tools/bin/../lib/gcc/arm-none-eabi/9.3.1/../../../../arm-none-eabi/lib/thumb/v7e-m+fp/hard/libc_nano.a(lib_a-exit.o)
                              /opt/st/stm32cubeide_1.8.0/plugins/com.st.stm32cube.ide.mcu.externaltools.gnu-tools-for-stm32.9-2020-q2-update.linux64_2.0.0.202105311346/tools/bin/../lib/gcc/arm-none-eabi/9.3.1/../../../../arm-none-eabi/lib/thumb/v7e-m+fp/hard/crt0.o (exit)
/opt/st/stm32cubeide_1.8.0/plugins/com.st.stm32cube.ide.mcu.externaltools.gnu-tools-for-stm32.9-2020-q2-update.linux64_2.0.0.202105311346/tools/bin/../lib/gcc/arm-none-eabi/9.3.1/../../../../arm-none-eabi/lib/thumb/v7e-m+fp/hard/libc_nano.a(lib_a-impure.o)
                              /opt/st/stm32cubeide_1.8.0/plugins/com.st.stm32cube.ide.mcu.externaltools.gnu-tools-for-stm32.9-2020-q2-update.linux64_2.0.0.202105311346/tools/bin/../lib/gcc/arm-none-eabi/9.3.1/../../../../arm-none-eabi/lib/thumb/v7e-m+fp/hard/libc_nano.a(lib_a-exit.o) (_global_impure_ptr)
/opt/st/stm32cubeide_1.8.0/plugins/com.st.stm32cube.ide.mcu.externaltools.gnu-tools-for-stm32.9-2020-q2-update.linux64_2.0.0.202105311346/tools/bin/../lib/gcc/arm-none-eabi/9.3.1/../../../../arm-none-eabi/lib/thumb/v7e-m+fp/hard/libc_nano.a(lib_a-init.o)
                              /opt/st/stm32cubeide_1.8.0/plugins/com.st.stm32cube.ide.mcu.externaltools.gnu-tools-for-stm32.9-2020-q2-update.linux64_2.0.0.202105311346/tools/bin/../lib/gcc/arm-none-eabi/9.3.1/../../../../arm-none-eabi/lib/thumb/v7e-m+fp/hard/crt0.o (__libc_init_array)
/opt/st/stm32cubeide_1.8.0/plugins/com.st.stm32cube.ide.mcu.externaltools.gnu-tools-for-stm32.9-2020-q2-update.linux64_2.0.0.202105311346/tools/bin/../lib/gcc/arm-none-eabi/9.3.1/../../../../arm-none-eabi/lib/thumb/v7e-m+fp/hard/libc_nano.a(lib_a-malloc.o)
                              ./Middlewares/ST/STM32_USB_Host_Library/Class/CDC/Src/usbh_cdc.o (malloc)
/opt/st/stm32cubeide_1.8.0/plugins/com.st.stm32cube.ide.mcu.externaltools.gnu-tools-for-stm32.9-2020-q2-update.linux64_2.0.0.202105311346/tools/bin/../lib/gcc/arm-none-eabi/9.3.1/../../../../arm-none-eabi/lib/thumb/v7e-m+fp/hard/libc_nano.a(lib_a-memset.o)
                              /opt/st/stm32cubeide_1.8.0/plugins/com.st.stm32cube.ide.mcu.externaltools.gnu-tools-for-stm32.9-2020-q2-update.linux64_2.0.0.202105311346/tools/bin/../lib/gcc/arm-none-eabi/9.3.1/../../../../arm-none-eabi/lib/thumb/v7e-m+fp/hard/crt0.o (memset)
/opt/st/stm32cubeide_1.8.0/plugins/com.st.stm32cube.ide.mcu.externaltools.gnu-tools-for-stm32.9-2020-q2-update.linux64_2.0.0.202105311346/tools/bin/../lib/gcc/arm-none-eabi/9.3.1/../../../../arm-none-eabi/lib/thumb/v7e-m+fp/hard/libc_nano.a(lib_a-nano-freer.o)
                              /opt/st/stm32cubeide_1.8.0/plugins/com.st.stm32cube.ide.mcu.externaltools.gnu-tools-for-stm32.9-2020-q2-update.linux64_2.0.0.202105311346/tools/bin/../lib/gcc/arm-none-eabi/9.3.1/../../../../arm-none-eabi/lib/thumb/v7e-m+fp/hard/libc_nano.a(lib_a-malloc.o) (_free_r)
/opt/st/stm32cubeide_1.8.0/plugins/com.st.stm32cube.ide.mcu.externaltools.gnu-tools-for-stm32.9-2020-q2-update.linux64_2.0.0.202105311346/tools/bin/../lib/gcc/arm-none-eabi/9.3.1/../../../../arm-none-eabi/lib/thumb/v7e-m+fp/hard/libc_nano.a(lib_a-nano-mallocr.o)
                              /opt/st/stm32cubeide_1.8.0/plugins/com.st.stm32cube.ide.mcu.externaltools.gnu-tools-for-stm32.9-2020-q2-update.linux64_2.0.0.202105311346/tools/bin/../lib/gcc/arm-none-eabi/9.3.1/../../../../arm-none-eabi/lib/thumb/v7e-m+fp/hard/libc_nano.a(lib_a-malloc.o) (_malloc_r)
/opt/st/stm32cubeide_1.8.0/plugins/com.st.stm32cube.ide.mcu.externaltools.gnu-tools-for-stm32.9-2020-q2-update.linux64_2.0.0.202105311346/tools/bin/../lib/gcc/arm-none-eabi/9.3.1/../../../../arm-none-eabi/lib/thumb/v7e-m+fp/hard/libc_nano.a(lib_a-sbrkr.o)
                              /opt/st/stm32cubeide_1.8.0/plugins/com.st.stm32cube.ide.mcu.externaltools.gnu-tools-for-stm32.9-2020-q2-update.linux64_2.0.0.202105311346/tools/bin/../lib/gcc/arm-none-eabi/9.3.1/../../../../arm-none-eabi/lib/thumb/v7e-m+fp/hard/libc_nano.a(lib_a-nano-mallocr.o) (_sbrk_r)
/opt/st/stm32cubeide_1.8.0/plugins/com.st.stm32cube.ide.mcu.externaltools.gnu-tools-for-stm32.9-2020-q2-update.linux64_2.0.0.202105311346/tools/bin/../lib/gcc/arm-none-eabi/9.3.1/../../../../arm-none-eabi/lib/thumb/v7e-m+fp/hard/libc_nano.a(lib_a-mlock.o)
[...]
Memory Configuration

Name             Origin             Length             Attributes
CCMRAM           0x0000000010000000 0x0000000000010000 xrw
RAM              0x0000000020000000 0x0000000000020000 xrw
FLASH            0x0000000008000000 0x0000000000100000 xr
*default*        0x0000000000000000 0xffffffffffffffff

Linker script and memory map

LOAD /opt/st/stm32cubeide_1.8.0/plugins/com.st.stm32cube.ide.mcu.externaltools.gnu-tools-for-stm32.9-2020-q2-update.linux64_2.0.0.202105311346/tools/bin/../lib/gcc/arm-none-eabi/9.3.1/thumb/v7e-m+fp/hard/crti.o
LOAD /opt/st/stm32cubeide_1.8.0/plugins/com.st.stm32cube.ide.mcu.externaltools.gnu-tools-for-stm32.9-2020-q2-update.linux64_2.0.0.202105311346/tools/bin/../lib/gcc/arm-none-eabi/9.3.1/thumb/v7e-m+fp/hard/crtbegin.o
LOAD /opt/st/stm32cubeide_1.8.0/plugins/com.st.stm32cube.ide.mcu.externaltools.gnu-tools-for-stm32.9-2020-q2-update.linux64_2.0.0.202105311346/tools/bin/../lib/gcc/arm-none-eabi/9.3.1/../../../../arm-none-eabi/lib/thumb/v7e-m+fp/hard/crt0.o
LOAD ./Core/Src/main.o
LOAD ./Core/Src/stm32f4xx_hal_msp.o
LOAD ./Core/Src/stm32f4xx_it.o
LOAD ./Core/Src/syscalls.o
LOAD ./Core/Src/sysmem.o
LOAD ./Core/Src/system_stm32f4xx.o
LOAD ./Core/Startup/startup_stm32f407vgtx.o
LOAD ./Drivers/STM32F4xx_HAL_Driver/Src/stm32f4xx_hal.o
LOAD ./Drivers/STM32F4xx_HAL_Driver/Src/stm32f4xx_hal_cortex.o
LOAD ./Drivers/STM32F4xx_HAL_Driver/Src/stm32f4xx_hal_dma.o
LOAD ./Drivers/STM32F4xx_HAL_Driver/Src/stm32f4xx_hal_dma_ex.o
LOAD ./Drivers/STM32F4xx_HAL_Driver/Src/stm32f4xx_hal_exti.o
LOAD ./Drivers/STM32F4xx_HAL_Driver/Src/stm32f4xx_hal_flash.o
LOAD ./Drivers/STM32F4xx_HAL_Driver/Src/stm32f4xx_hal_flash_ex.o
LOAD ./Drivers/STM32F4xx_HAL_Driver/Src/stm32f4xx_hal_flash_ramfunc.o
LOAD ./Drivers/STM32F4xx_HAL_Driver/Src/stm32f4xx_hal_gpio.o
LOAD ./Drivers/STM32F4xx_HAL_Driver/Src/stm32f4xx_hal_hcd.o
LOAD ./Drivers/STM32F4xx_HAL_Driver/Src/stm32f4xx_hal_i2c.o
LOAD ./Drivers/STM32F4xx_HAL_Driver/Src/stm32f4xx_hal_i2c_ex.o
LOAD ./Drivers/STM32F4xx_HAL_Driver/Src/stm32f4xx_hal_i2s.o
LOAD ./Drivers/STM32F4xx_HAL_Driver/Src/stm32f4xx_hal_i2s_ex.o
LOAD ./Drivers/STM32F4xx_HAL_Driver/Src/stm32f4xx_hal_pwr.o
LOAD ./Drivers/STM32F4xx_HAL_Driver/Src/stm32f4xx_hal_pwr_ex.o
LOAD ./Drivers/STM32F4xx_HAL_Driver/Src/stm32f4xx_hal_rcc.o
LOAD ./Drivers/STM32F4xx_HAL_Driver/Src/stm32f4xx_hal_rcc_ex.o
LOAD ./Drivers/STM32F4xx_HAL_Driver/Src/stm32f4xx_hal_spi.o
LOAD ./Drivers/STM32F4xx_HAL_Driver/Src/stm32f4xx_hal_tim.o
LOAD ./Drivers/STM32F4xx_HAL_Driver/Src/stm32f4xx_hal_tim_ex.o
LOAD ./Drivers/STM32F4xx_HAL_Driver/Src/stm32f4xx_ll_usb.o
LOAD ./Middlewares/ST/STM32_USB_Host_Library/Class/CDC/Src/usbh_cdc.o
LOAD ./Middlewares/ST/STM32_USB_Host_Library/Core/Src/usbh_core.o
LOAD ./Middlewares/ST/STM32_USB_Host_Library/Core/Src/usbh_ctlreq.o
LOAD ./Middlewares/ST/STM32_USB_Host_Library/Core/Src/usbh_ioreq.o
LOAD ./Middlewares/ST/STM32_USB_Host_Library/Core/Src/usbh_pipes.o
LOAD ./USB_HOST/App/usb_host.o
LOAD ./USB_HOST/Target/usbh_conf.o
LOAD ./USB_HOST/Target/usbh_platform.o
START GROUP
LOAD /opt/st/stm32cubeide_1.8.0/plugins/com.st.stm32cube.ide.mcu.externaltools.gnu-tools-for-stm32.9-2020-q2-update.linux64_2.0.0.202105311346/tools/bin/../lib/gcc/arm-none-eabi/9.3.1/../../../../arm-none-eabi/lib/thumb/v7e-m+fp/hard/libc_nano.a
LOAD /opt/st/stm32cubeide_1.8.0/plugins/com.st.stm32cube.ide.mcu.externaltools.gnu-tools-for-stm32.9-2020-q2-update.linux64_2.0.0.202105311346/tools/bin/../lib/gcc/arm-none-eabi/9.3.1/../../../../arm-none-eabi/lib/thumb/v7e-m+fp/hard/libm.a
END GROUP
START GROUP
LOAD /opt/st/stm32cubeide_1.8.0/plugins/com.st.stm32cube.ide.mcu.externaltools.gnu-tools-for-stm32.9-2020-q2-update.linux64_2.0.0.202105311346/tools/bin/../lib/gcc/arm-none-eabi/9.3.1/thumb/v7e-m+fp/hard/libgcc.a
LOAD /opt/st/stm32cubeide_1.8.0/plugins/com.st.stm32cube.ide.mcu.externaltools.gnu-tools-for-stm32.9-2020-q2-update.linux64_2.0.0.202105311346/tools/bin/../lib/gcc/arm-none-eabi/9.3.1/../../../../arm-none-eabi/lib/thumb/v7e-m+fp/hard/libc_nano.a
END GROUP
START GROUP
LOAD /opt/st/stm32cubeide_1.8.0/plugins/com.st.stm32cube.ide.mcu.externaltools.gnu-tools-for-stm32.9-2020-q2-update.linux64_2.0.0.202105311346/tools/bin/../lib/gcc/arm-none-eabi/9.3.1/thumb/v7e-m+fp/hard/libgcc.a
LOAD /opt/st/stm32cubeide_1.8.0/plugins/com.st.stm32cube.ide.mcu.externaltools.gnu-tools-for-stm32.9-2020-q2-update.linux64_2.0.0.202105311346/tools/bin/../lib/gcc/arm-none-eabi/9.3.1/../../../../arm-none-eabi/lib/thumb/v7e-m+fp/hard/libc_nano.a
LOAD /opt/st/stm32cubeide_1.8.0/plugins/com.st.stm32cube.ide.mcu.externaltools.gnu-tools-for-stm32.9-2020-q2-update.linux64_2.0.0.202105311346/tools/bin/../lib/gcc/arm-none-eabi/9.3.1/../../../../arm-none-eabi/lib/thumb/v7e-m+fp/hard/libnosys.a
END GROUP
START GROUP
LOAD /opt/st/stm32cubeide_1.8.0/plugins/com.st.stm32cube.ide.mcu.externaltools.gnu-tools-for-stm32.9-2020-q2-update.linux64_2.0.0.202105311346/tools/bin/../lib/gcc/arm-none-eabi/9.3.1/thumb/v7e-m+fp/hard/libgcc.a
LOAD /opt/st/stm32cubeide_1.8.0/plugins/com.st.stm32cube.ide.mcu.externaltools.gnu-tools-for-stm32.9-2020-q2-update.linux64_2.0.0.202105311346/tools/bin/../lib/gcc/arm-none-eabi/9.3.1/../../../../arm-none-eabi/lib/thumb/v7e-m+fp/hard/libc_nano.a
LOAD /opt/st/stm32cubeide_1.8.0/plugins/com.st.stm32cube.ide.mcu.externaltools.gnu-tools-for-stm32.9-2020-q2-update.linux64_2.0.0.202105311346/tools/bin/../lib/gcc/arm-none-eabi/9.3.1/../../../../arm-none-eabi/lib/thumb/v7e-m+fp/hard/libnosys.a
END GROUP
LOAD /opt/st/stm32cubeide_1.8.0/plugins/com.st.stm32cube.ide.mcu.externaltools.gnu-tools-for-stm32.9-2020-q2-update.linux64_2.0.0.202105311346/tools/bin/../lib/gcc/arm-none-eabi/9.3.1/thumb/v7e-m+fp/hard/crtend.o
LOAD /opt/st/stm32cubeide_1.8.0/plugins/com.st.stm32cube.ide.mcu.externaltools.gnu-tools-for-stm32.9-2020-q2-update.linux64_2.0.0.202105311346/tools/bin/../lib/gcc/arm-none-eabi/9.3.1/thumb/v7e-m+fp/hard/crtn.o
                0x0000000020020000                _estack = (ORIGIN (RAM) + LENGTH (RAM))
                0x0000000000000200                _Min_Heap_Size = 0x200
                0x0000000000000400                _Min_Stack_Size = 0x400

.isr_vector     0x0000000008000000      0x188
                0x0000000008000000                . = ALIGN (0x4)
 *(.isr_vector)
 .isr_vector    0x0000000008000000      0x188 ./Core/Startup/startup_stm32f407vgtx.o
                0x0000000008000000                g_pfnVectors
                0x0000000008000188                . = ALIGN (0x4)

.text           0x0000000008000188     0x7a9c
                0x0000000008000188                . = ALIGN (0x4)
 *(.text)
 .text          0x0000000008000188       0x40 /opt/st/stm32cubeide_1.8.0/plugins/com.st.stm32cube.ide.mcu.externaltools.gnu-tools-for-stm32.9-2020-q2-update.linux64_2.0.0.202105311346/tools/bin/../lib/gcc/arm-none-eabi/9.3.1/thumb/v7e-m+fp/hard/crtbegin.o
 .text          0x00000000080001c8       0x30 /opt/st/stm32cubeide_1.8.0/plugins/com.st.stm32cube.ide.mcu.externaltools.gnu-tools-for-stm32.9-2020-q2-update.linux64_2.0.0.202105311346/tools/bin/../lib/gcc/arm-none-eabi/9.3.1/thumb/v7e-m+fp/hard/libgcc.a(_aeabi_uldivmod.o)
                0x00000000080001c8                __aeabi_uldivmod
 .text          0x00000000080001f8      0x2c4 /opt/st/stm32cubeide_1.8.0/plugins/com.st.stm32cube.ide.mcu.externaltools.gnu-tools-for-stm32.9-2020-q2-update.linux64_2.0.0.202105311346/tools/bin/../lib/gcc/arm-none-eabi/9.3.1/thumb/v7e-m+fp/hard/libgcc.a(_udivmoddi4.o)
                0x00000000080001f8                __udivmoddi4
 .text          0x00000000080004bc        0x4 /opt/st/stm32cubeide_1.8.0/plugins/com.st.stm32cube.ide.mcu.externaltools.gnu-tools-for-stm32.9-2020-q2-update.linux64_2.0.0.202105311346/tools/bin/../lib/gcc/arm-none-eabi/9.3.1/thumb/v7e-m+fp/hard/libgcc.a(_dvmd_tls.o)
                0x00000000080004bc                __aeabi_ldiv0
                0x00000000080004bc                __aeabi_idiv0
 *(.text*)
 .text.main     0x00000000080004c0       0x5c ./Core/Src/main.o
                0x00000000080004c0                main
 .text.SystemClock_Config
                0x000000000800051c       0xd4 ./Core/Src/main.o
                0x000000000800051c                SystemClock_Config
 .text.MX_I2C1_Init
                0x00000000080005f0       0x5c ./Core/Src/main.o
 .text.MX_I2S3_Init
                0x000000000800064c       0x60 ./Core/Src/main.o
 .text.MX_SPI1_Init
                0x00000000080006ac       0x6c ./Core/Src/main.o
 .text.MX_GPIO_Init
                0x0000000008000718      0x1fc ./Core/Src/main.o
 .text.Error_Handler
                0x0000000008000914        0xa ./Core/Src/main.o
                0x0000000008000914                Error_Handler
 *fill*         0x000000000800091e        0x2 
 .text.HAL_MspInit
                0x0000000008000920       0x50 ./Core/Src/stm32f4xx_hal_msp.o
                0x0000000008000920                HAL_MspInit
 .text.HAL_I2C_MspInit
                0x0000000008000970       0x90 ./Core/Src/stm32f4xx_hal_msp.o
                0x0000000008000970                HAL_I2C_MspInit
 .text.HAL_I2S_MspInit
                0x0000000008000a00      0x100 ./Core/Src/stm32f4xx_hal_msp.o
                0x0000000008000a00                HAL_I2S_MspInit
 .text.HAL_SPI_MspInit
                0x0000000008000b00       0x90 ./Core/Src/stm32f4xx_hal_msp.o
                0x0000000008000b00                HAL_SPI_MspInit
 .text.NMI_Handler
                0x0000000008000b90        0x6 ./Core/Src/stm32f4xx_it.o
                0x0000000008000b90                NMI_Handler
 .text.HardFault_Handler
                0x0000000008000b96        0x6 ./Core/Src/stm32f4xx_it.o
                0x0000000008000b96                HardFault_Handler
 .text.MemManage_Handler
                0x0000000008000b9c        0x6 ./Core/Src/stm32f4xx_it.o
                0x0000000008000b9c                MemManage_Handler
 .text.BusFault_Handler
                0x0000000008000ba2        0x6 ./Core/Src/stm32f4xx_it.o
                0x0000000008000ba2                BusFault_Handler
 .text.UsageFault_Handler
                0x0000000008000ba8        0x6 ./Core/Src/stm32f4xx_it.o
                0x0000000008000ba8                UsageFault_Handler
 .text.SVC_Handler
                0x0000000008000bae        0xe ./Core/Src/stm32f4xx_it.o
                0x0000000008000bae                SVC_Handler
 .text.DebugMon_Handler
                0x0000000008000bbc        0xe ./Core/Src/stm32f4xx_it.o
                0x0000000008000bbc                DebugMon_Handler
 .text.PendSV_Handler
                0x0000000008000bca        0xe ./Core/Src/stm32f4xx_it.o
                0x0000000008000bca                PendSV_Handler
 .text.SysTick_Handler
                0x0000000008000bd8        0xc ./Core/Src/stm32f4xx_it.o
                0x0000000008000bd8                SysTick_Handler
 .text.OTG_FS_IRQHandler
                0x0000000008000be4       0x14 ./Core/Src/stm32f4xx_it.o
                0x0000000008000be4                OTG_FS_IRQHandler
 .text._sbrk    0x0000000008000bf8       0x6c ./Core/Src/sysmem.o
                0x0000000008000bf8                _sbrk
 .text.SystemInit
                0x0000000008000c64       0x24 ./Core/Src/system_stm32f4xx.o
                0x0000000008000c64                SystemInit
 .text.Reset_Handler
                0x0000000008000c88       0x50 ./Core/Startup/startup_stm32f407vgtx.o
                0x0000000008000c88                Reset_Handler
 .text.Default_Handler
                0x0000000008000cd8        0x2 ./Core/Startup/startup_stm32f407vgtx.o
                0x0000000008000cd8                RTC_Alarm_IRQHandler
                0x0000000008000cd8                HASH_RNG_IRQHandler
                0x0000000008000cd8                EXTI2_IRQHandler
                0x0000000008000cd8                TIM8_CC_IRQHandler
                0x0000000008000cd8                TIM1_CC_IRQHandler
                0x0000000008000cd8                DMA2_Stream5_IRQHandler
                0x0000000008000cd8                DMA1_Stream5_IRQHandler
                0x0000000008000cd8                PVD_IRQHandler
                0x0000000008000cd8                SDIO_IRQHandler
                0x0000000008000cd8                TAMP_STAMP_IRQHandler
                0x0000000008000cd8                CAN2_RX1_IRQHandler
                0x0000000008000cd8                EXTI3_IRQHandler
                0x0000000008000cd8                TIM8_TRG_COM_TIM14_IRQHandler
                0x0000000008000cd8                TIM1_UP_TIM10_IRQHandler
                0x0000000008000cd8                TIM8_UP_TIM13_IRQHandler
                0x0000000008000cd8                I2C3_ER_IRQHandler
                0x0000000008000cd8                EXTI0_IRQHandler
                0x0000000008000cd8                I2C2_EV_IRQHandler
                0x0000000008000cd8                DMA1_Stream2_IRQHandler
                0x0000000008000cd8                CAN1_RX0_IRQHandler
                0x0000000008000cd8                FPU_IRQHandler
                0x0000000008000cd8                OTG_HS_WKUP_IRQHandler
                0x0000000008000cd8                CAN2_SCE_IRQHandler
                0x0000000008000cd8                DMA2_Stream2_IRQHandler
                0x0000000008000cd8                SPI1_IRQHandler
                0x0000000008000cd8                TIM6_DAC_IRQHandler
                0x0000000008000cd8                TIM1_BRK_TIM9_IRQHandler
                0x0000000008000cd8                DCMI_IRQHandler
                0x0000000008000cd8                CAN2_RX0_IRQHandler
                0x0000000008000cd8                DMA2_Stream3_IRQHandler
                0x0000000008000cd8                USART6_IRQHandler
                0x0000000008000cd8                USART3_IRQHandler
                0x0000000008000cd8                CAN1_RX1_IRQHandler
                0x0000000008000cd8                UART5_IRQHandler
                0x0000000008000cd8                DMA2_Stream0_IRQHandler
                0x0000000008000cd8                TIM4_IRQHandler
                0x0000000008000cd8                I2C1_EV_IRQHandler
                0x0000000008000cd8                DMA1_Stream6_IRQHandler
                0x0000000008000cd8                DMA1_Stream1_IRQHandler
                0x0000000008000cd8                UART4_IRQHandler
                0x0000000008000cd8                TIM3_IRQHandler
                0x0000000008000cd8                RCC_IRQHandler
                0x0000000008000cd8                TIM8_BRK_TIM12_IRQHandler
                0x0000000008000cd8                Default_Handler
                0x0000000008000cd8                EXTI15_10_IRQHandler
                0x0000000008000cd8                ADC_IRQHandler
                0x0000000008000cd8                DMA1_Stream7_IRQHandler
                0x0000000008000cd8                TIM7_IRQHandler
                0x0000000008000cd8                CAN2_TX_IRQHandler
                0x0000000008000cd8                TIM5_IRQHandler
                0x0000000008000cd8                DMA2_Stream7_IRQHandler
                0x0000000008000cd8                I2C3_EV_IRQHandler
                0x0000000008000cd8                EXTI9_5_IRQHandler
                0x0000000008000cd8                RTC_WKUP_IRQHandler
                0x0000000008000cd8                ETH_WKUP_IRQHandler
                0x0000000008000cd8                SPI2_IRQHandler
                0x0000000008000cd8                OTG_HS_EP1_IN_IRQHandler
                0x0000000008000cd8                DMA1_Stream0_IRQHandler
                0x0000000008000cd8                CAN1_TX_IRQHandler
                0x0000000008000cd8                EXTI4_IRQHandler
                0x0000000008000cd8                FSMC_IRQHandler
                0x0000000008000cd8                ETH_IRQHandler
                0x0000000008000cd8                OTG_HS_EP1_OUT_IRQHandler
                0x0000000008000cd8                WWDG_IRQHandler
                0x0000000008000cd8                TIM2_IRQHandler
                0x0000000008000cd8                OTG_FS_WKUP_IRQHandler
                0x0000000008000cd8                TIM1_TRG_COM_TIM11_IRQHandler
                0x0000000008000cd8                OTG_HS_IRQHandler
                0x0000000008000cd8                EXTI1_IRQHandler
                0x0000000008000cd8                USART2_IRQHandler
                0x0000000008000cd8                I2C2_ER_IRQHandler
                0x0000000008000cd8                DMA2_Stream1_IRQHandler
                0x0000000008000cd8                CAN1_SCE_IRQHandler
                0x0000000008000cd8                FLASH_IRQHandler
                0x0000000008000cd8                DMA2_Stream4_IRQHandler
                0x0000000008000cd8                USART1_IRQHandler
                0x0000000008000cd8                SPI3_IRQHandler
                0x0000000008000cd8                DMA1_Stream4_IRQHandler
                0x0000000008000cd8                I2C1_ER_IRQHandler
                0x0000000008000cd8                DMA2_Stream6_IRQHandler
                0x0000000008000cd8                DMA1_Stream3_IRQHandler
 *fill*         0x0000000008000cda        0x2 
 .text.HAL_Init
                0x0000000008000cdc       0x44 ./Drivers/STM32F4xx_HAL_Driver/Src/stm32f4xx_hal.o
                0x0000000008000cdc                HAL_Init
 .text.HAL_InitTick
                0x0000000008000d20       0x60 ./Drivers/STM32F4xx_HAL_Driver/Src/stm32f4xx_hal.o
                0x0000000008000d20                HAL_InitTick
 .text.HAL_IncTick
                0x0000000008000d80       0x28 ./Drivers/STM32F4xx_HAL_Driver/Src/stm32f4xx_hal.o
                0x0000000008000d80                HAL_IncTick
 .text.HAL_GetTick
                0x0000000008000da8       0x18 ./Drivers/STM32F4xx_HAL_Driver/Src/stm32f4xx_hal.o
                0x0000000008000da8                HAL_GetTick
 .text.HAL_Delay
                0x0000000008000dc0       0x48 ./Drivers/STM32F4xx_HAL_Driver/Src/stm32f4xx_hal.o
                0x0000000008000dc0                HAL_Delay
 .text.__NVIC_SetPriorityGrouping
                0x0000000008000e08       0x48 ./Drivers/STM32F4xx_HAL_Driver/Src/stm32f4xx_hal_cortex.o
 .text.__NVIC_GetPriorityGrouping
                0x0000000008000e50       0x1c ./Drivers/STM32F4xx_HAL_Driver/Src/stm32f4xx_hal_cortex.o
 .text.__NVIC_EnableIRQ
                0x0000000008000e6c       0x3c ./Drivers/STM32F4xx_HAL_Driver/Src/stm32f4xx_hal_cortex.o
 .text.__NVIC_SetPriority
                0x0000000008000ea8       0x54 ./Drivers/STM32F4xx_HAL_Driver/Src/stm32f4xx_hal_cortex.o
 .text.NVIC_EncodePriority
                0x0000000008000efc       0x66 ./Drivers/STM32F4xx_HAL_Driver/Src/stm32f4xx_hal_cortex.o
 *fill*         0x0000000008000f62        0x2 
 .text.SysTick_Config
                0x0000000008000f64       0x44 ./Drivers/STM32F4xx_HAL_Driver/Src/stm32f4xx_hal_cortex.o
 .text.HAL_NVIC_SetPriorityGrouping
                0x0000000008000fa8       0x16 ./Drivers/STM32F4xx_HAL_Driver/Src/stm32f4xx_hal_cortex.o
                0x0000000008000fa8                HAL_NVIC_SetPriorityGrouping
 .text.HAL_NVIC_SetPriority
                0x0000000008000fbe       0x38 ./Drivers/STM32F4xx_HAL_Driver/Src/stm32f4xx_hal_cortex.o
                0x0000000008000fbe                HAL_NVIC_SetPriority
 .text.HAL_NVIC_EnableIRQ
                0x0000000008000ff6       0x1c ./Drivers/STM32F4xx_HAL_Driver/Src/stm32f4xx_hal_cortex.o
                0x0000000008000ff6                HAL_NVIC_EnableIRQ
 .text.HAL_SYSTICK_Config
                0x0000000008001012       0x18 ./Drivers/STM32F4xx_HAL_Driver/Src/stm32f4xx_hal_cortex.o
                0x0000000008001012                HAL_SYSTICK_Config
 *fill*         0x000000000800102a        0x2 
 .text.HAL_GPIO_Init
                0x000000000800102c      0x338 ./Drivers/STM32F4xx_HAL_Driver/Src/stm32f4xx_hal_gpio.o
                0x000000000800102c                HAL_GPIO_Init
 .text.HAL_GPIO_WritePin
                0x0000000008001364       0x32 ./Drivers/STM32F4xx_HAL_Driver/Src/stm32f4xx_hal_gpio.o
                0x0000000008001364                HAL_GPIO_WritePin
 .text.HAL_HCD_Init
                0x0000000008001396       0xc4 ./Drivers/STM32F4xx_HAL_Driver/Src/stm32f4xx_hal_hcd.o
                0x0000000008001396                HAL_HCD_Init
 .text.HAL_HCD_HC_Init
                0x000000000800145a      0x11e ./Drivers/STM32F4xx_HAL_Driver/Src/stm32f4xx_hal_hcd.o
                0x000000000800145a                HAL_HCD_HC_Init
 .text.HAL_HCD_HC_Halt
                0x0000000008001578       0x46 ./Drivers/STM32F4xx_HAL_Driver/Src/stm32f4xx_hal_hcd.o
                0x0000000008001578                HAL_HCD_HC_Halt
 *fill*         0x00000000080015be        0x2 
 .text.HAL_HCD_HC_SubmitRequest
                0x00000000080015c0      0x2ac ./Drivers/STM32F4xx_HAL_Driver/Src/stm32f4xx_hal_hcd.o
                0x00000000080015c0                HAL_HCD_HC_SubmitRequest
 .text.HAL_HCD_IRQHandler
                0x000000000800186c      0x216 ./Drivers/STM32F4xx_HAL_Driver/Src/stm32f4xx_hal_hcd.o
                0x000000000800186c                HAL_HCD_IRQHandler
 .text.HAL_HCD_Start
                0x0000000008001a82       0x46 ./Drivers/STM32F4xx_HAL_Driver/Src/stm32f4xx_hal_hcd.o
                0x0000000008001a82                HAL_HCD_Start
 .text.HAL_HCD_Stop
                0x0000000008001ac8       0x3a ./Drivers/STM32F4xx_HAL_Driver/Src/stm32f4xx_hal_hcd.o
                0x0000000008001ac8                HAL_HCD_Stop
 .text.HAL_HCD_ResetPort
                0x0000000008001b02       0x1c ./Drivers/STM32F4xx_HAL_Driver/Src/stm32f4xx_hal_hcd.o
                0x0000000008001b02                HAL_HCD_ResetPort
 .text.HAL_HCD_HC_GetURBState
                0x0000000008001b1e       0x28 ./Drivers/STM32F4xx_HAL_Driver/Src/stm32f4xx_hal_hcd.o
                0x0000000008001b1e                HAL_HCD_HC_GetURBState
 .text.HAL_HCD_HC_GetXferCount
                0x0000000008001b46       0x28 ./Drivers/STM32F4xx_HAL_Driver/Src/stm32f4xx_hal_hcd.o
                0x0000000008001b46                HAL_HCD_HC_GetXferCount
 .text.HAL_HCD_GetCurrentFrame
                0x0000000008001b6e       0x1c ./Drivers/STM32F4xx_HAL_Driver/Src/stm32f4xx_hal_hcd.o
                0x0000000008001b6e                HAL_HCD_GetCurrentFrame
 .text.HAL_HCD_GetCurrentSpeed
                0x0000000008001b8a       0x1c ./Drivers/STM32F4xx_HAL_Driver/Src/stm32f4xx_hal_hcd.o
                0x0000000008001b8a                HAL_HCD_GetCurrentSpeed
 .text.HCD_HC_IN_IRQHandler
                0x0000000008001ba6      0x844 ./Drivers/STM32F4xx_HAL_Driver/Src/stm32f4xx_hal_hcd.o
 .text.HCD_HC_OUT_IRQHandler
                0x00000000080023ea      0x802 ./Drivers/STM32F4xx_HAL_Driver/Src/stm32f4xx_hal_hcd.o
 .text.HCD_RXQLVL_IRQHandler
                0x0000000008002bec      0x1a4 ./Drivers/STM32F4xx_HAL_Driver/Src/stm32f4xx_hal_hcd.o
 .text.HCD_Port_IRQHandler
                0x0000000008002d90       0xe6 ./Drivers/STM32F4xx_HAL_Driver/Src/stm32f4xx_hal_hcd.o
 *fill*         0x0000000008002e76        0x2 
 .text.HAL_I2C_Init
                0x0000000008002e78      0x288 ./Drivers/STM32F4xx_HAL_Driver/Src/stm32f4xx_hal_i2c.o
                0x0000000008002e78                HAL_I2C_Init
 .text.HAL_I2S_Init
                0x0000000008003100      0x280 ./Drivers/STM32F4xx_HAL_Driver/Src/stm32f4xx_hal_i2s.o
                0x0000000008003100                HAL_I2S_Init
 .text.HAL_I2S_TxCpltCallback
                0x0000000008003380       0x14 ./Drivers/STM32F4xx_HAL_Driver/Src/stm32f4xx_hal_i2s.o
                0x0000000008003380                HAL_I2S_TxCpltCallback
 .text.HAL_I2S_RxCpltCallback
                0x0000000008003394       0x14 ./Drivers/STM32F4xx_HAL_Driver/Src/stm32f4xx_hal_i2s.o
                0x0000000008003394                HAL_I2S_RxCpltCallback
 .text.HAL_I2S_ErrorCallback
                0x00000000080033a8       0x14 ./Drivers/STM32F4xx_HAL_Driver/Src/stm32f4xx_hal_i2s.o
                0x00000000080033a8                HAL_I2S_ErrorCallback
 .text.I2S_Transmit_IT
                0x00000000080033bc       0x5c ./Drivers/STM32F4xx_HAL_Driver/Src/stm32f4xx_hal_i2s.o
 .text.I2S_Receive_IT
                0x0000000008003418       0x5e ./Drivers/STM32F4xx_HAL_Driver/Src/stm32f4xx_hal_i2s.o
 .text.I2S_IRQHandler
                0x0000000008003476      0x114 ./Drivers/STM32F4xx_HAL_Driver/Src/stm32f4xx_hal_i2s.o
 *fill*         0x000000000800358a        0x2 
 .text.HAL_I2SEx_FullDuplex_IRQHandler
                0x000000000800358c      0x2a8 ./Drivers/STM32F4xx_HAL_Driver/Src/stm32f4xx_hal_i2s_ex.o
                0x000000000800358c                HAL_I2SEx_FullDuplex_IRQHandler
 .text.HAL_I2SEx_TxRxCpltCallback
                0x0000000008003834       0x14 ./Drivers/STM32F4xx_HAL_Driver/Src/stm32f4xx_hal_i2s_ex.o
                0x0000000008003834                HAL_I2SEx_TxRxCpltCallback
 .text.I2SEx_TxISR_I2S
                0x0000000008003848       0x62 ./Drivers/STM32F4xx_HAL_Driver/Src/stm32f4xx_hal_i2s_ex.o
 *fill*         0x00000000080038aa        0x2 
 .text.I2SEx_TxISR_I2SExt
                0x00000000080038ac       0x98 ./Drivers/STM32F4xx_HAL_Driver/Src/stm32f4xx_hal_i2s_ex.o
 .text.I2SEx_RxISR_I2S
                0x0000000008003944       0x64 ./Drivers/STM32F4xx_HAL_Driver/Src/stm32f4xx_hal_i2s_ex.o
 .text.I2SEx_RxISR_I2SExt
                0x00000000080039a8       0x98 ./Drivers/STM32F4xx_HAL_Driver/Src/stm32f4xx_hal_i2s_ex.o
 .text.HAL_RCC_OscConfig
                0x0000000008003a40      0x4f0 ./Drivers/STM32F4xx_HAL_Driver/Src/stm32f4xx_hal_rcc.o
                0x0000000008003a40                HAL_RCC_OscConfig
 .text.HAL_RCC_ClockConfig
                0x0000000008003f30      0x1cc ./Drivers/STM32F4xx_HAL_Driver/Src/stm32f4xx_hal_rcc.o
                0x0000000008003f30                HAL_RCC_ClockConfig
 .text.HAL_RCC_GetSysClockFreq
                0x00000000080040fc      0x1c4 ./Drivers/STM32F4xx_HAL_Driver/Src/stm32f4xx_hal_rcc.o
                0x00000000080040fc                HAL_RCC_GetSysClockFreq
 .text.HAL_RCC_GetHCLKFreq
                0x00000000080042c0       0x18 ./Drivers/STM32F4xx_HAL_Driver/Src/stm32f4xx_hal_rcc.o
                0x00000000080042c0                HAL_RCC_GetHCLKFreq
 .text.HAL_RCC_GetPCLK1Freq
                0x00000000080042d8       0x28 ./Drivers/STM32F4xx_HAL_Driver/Src/stm32f4xx_hal_rcc.o
                0x00000000080042d8                HAL_RCC_GetPCLK1Freq
 .text.HAL_RCCEx_PeriphCLKConfig
                0x0000000008004300      0x1c4 ./Drivers/STM32F4xx_HAL_Driver/Src/stm32f4xx_hal_rcc_ex.o
                0x0000000008004300                HAL_RCCEx_PeriphCLKConfig
 .text.HAL_RCCEx_GetPeriphCLKFreq
                0x00000000080044c4       0xbc ./Drivers/STM32F4xx_HAL_Driver/Src/stm32f4xx_hal_rcc_ex.o
                0x00000000080044c4                HAL_RCCEx_GetPeriphCLKFreq
 .text.HAL_SPI_Init
                0x0000000008004580      0x112 ./Drivers/STM32F4xx_HAL_Driver/Src/stm32f4xx_hal_spi.o
                0x0000000008004580                HAL_SPI_Init
 .text.USB_CoreInit
                0x0000000008004692       0xc2 ./Drivers/STM32F4xx_HAL_Driver/Src/stm32f4xx_ll_usb.o
                0x0000000008004692                USB_CoreInit
 .text.USB_EnableGlobalInt
                0x0000000008004754       0x22 ./Drivers/STM32F4xx_HAL_Driver/Src/stm32f4xx_ll_usb.o
                0x0000000008004754                USB_EnableGlobalInt
 .text.USB_DisableGlobalInt
                0x0000000008004776       0x22 ./Drivers/STM32F4xx_HAL_Driver/Src/stm32f4xx_ll_usb.o
                0x0000000008004776                USB_DisableGlobalInt
 .text.USB_SetCurrentMode
                0x0000000008004798       0x98 ./Drivers/STM32F4xx_HAL_Driver/Src/stm32f4xx_ll_usb.o
                0x0000000008004798                USB_SetCurrentMode
 .text.USB_FlushTxFifo
                0x0000000008004830       0x48 ./Drivers/STM32F4xx_HAL_Driver/Src/stm32f4xx_ll_usb.o
                0x0000000008004830                USB_FlushTxFifo
 .text.USB_FlushRxFifo
                0x0000000008004878       0x40 ./Drivers/STM32F4xx_HAL_Driver/Src/stm32f4xx_ll_usb.o
                0x0000000008004878                USB_FlushRxFifo
 .text.USB_WritePacket
                0x00000000080048b8       0x7c ./Drivers/STM32F4xx_HAL_Driver/Src/stm32f4xx_ll_usb.o
                0x00000000080048b8                USB_WritePacket
 .text.USB_ReadPacket
                0x0000000008004934       0xb0 ./Drivers/STM32F4xx_HAL_Driver/Src/stm32f4xx_ll_usb.o
                0x0000000008004934                USB_ReadPacket
 .text.USB_ReadInterrupts
                0x00000000080049e4       0x26 ./Drivers/STM32F4xx_HAL_Driver/Src/stm32f4xx_ll_usb.o
                0x00000000080049e4                USB_ReadInterrupts
 .text.USB_GetMode
                0x0000000008004a0a       0x1c ./Drivers/STM32F4xx_HAL_Driver/Src/stm32f4xx_ll_usb.o
                0x0000000008004a0a                USB_GetMode
 *fill*         0x0000000008004a26        0x2 
 .text.USB_CoreReset
                0x0000000008004a28       0x64 ./Drivers/STM32F4xx_HAL_Driver/Src/stm32f4xx_ll_usb.o
 .text.USB_HostInit
                0x0000000008004a8c      0x168 ./Drivers/STM32F4xx_HAL_Driver/Src/stm32f4xx_ll_usb.o
                0x0000000008004a8c                USB_HostInit
 .text.USB_InitFSLSPClkSel
                0x0000000008004bf4       0x74 ./Drivers/STM32F4xx_HAL_Driver/Src/stm32f4xx_ll_usb.o
                0x0000000008004bf4                USB_InitFSLSPClkSel
 .text.USB_ResetPort
                0x0000000008004c68       0x54 ./Drivers/STM32F4xx_HAL_Driver/Src/stm32f4xx_ll_usb.o
                0x0000000008004c68                USB_ResetPort
 .text.USB_DriveVbus
                0x0000000008004cbc       0x72 ./Drivers/STM32F4xx_HAL_Driver/Src/stm32f4xx_ll_usb.o
                0x0000000008004cbc                USB_DriveVbus
 .text.USB_GetHostSpeed
                0x0000000008004d2e       0x2e ./Drivers/STM32F4xx_HAL_Driver/Src/stm32f4xx_ll_usb.o
                0x0000000008004d2e                USB_GetHostSpeed
 .text.USB_GetCurrentFrame
                0x0000000008004d5c       0x22 ./Drivers/STM32F4xx_HAL_Driver/Src/stm32f4xx_ll_usb.o
                0x0000000008004d5c                USB_GetCurrentFrame
 *fill*         0x0000000008004d7e        0x2 
 .text.USB_HC_Init
                0x0000000008004d80      0x21c ./Drivers/STM32F4xx_HAL_Driver/Src/stm32f4xx_ll_usb.o
                0x0000000008004d80                USB_HC_Init
 .text.USB_HC_StartXfer
                0x0000000008004f9c      0x284 ./Drivers/STM32F4xx_HAL_Driver/Src/stm32f4xx_ll_usb.o
                0x0000000008004f9c                USB_HC_StartXfer
 .text.USB_HC_ReadInterrupt
                0x0000000008005220       0x22 ./Drivers/STM32F4xx_HAL_Driver/Src/stm32f4xx_ll_usb.o
                0x0000000008005220                USB_HC_ReadInterrupt
 .text.USB_HC_Halt
                0x0000000008005242      0x238 ./Drivers/STM32F4xx_HAL_Driver/Src/stm32f4xx_ll_usb.o
                0x0000000008005242                USB_HC_Halt
 *fill*         0x000000000800547a        0x2 
 .text.USB_DoPing
                0x000000000800547c       0x78 ./Drivers/STM32F4xx_HAL_Driver/Src/stm32f4xx_ll_usb.o
                0x000000000800547c                USB_DoPing
 .text.USB_StopHost
                0x00000000080054f4      0x10c ./Drivers/STM32F4xx_HAL_Driver/Src/stm32f4xx_ll_usb.o
                0x00000000080054f4                USB_StopHost
 .text.USBH_CDC_InterfaceInit
                0x0000000008005600      0x2ac ./Middlewares/ST/STM32_USB_Host_Library/Class/CDC/Src/usbh_cdc.o
 .text.USBH_CDC_InterfaceDeInit
                0x00000000080058ac       0xb2 ./Middlewares/ST/STM32_USB_Host_Library/Class/CDC/Src/usbh_cdc.o
 .text.USBH_CDC_ClassRequest
                0x000000000800595e       0x3e ./Middlewares/ST/STM32_USB_Host_Library/Class/CDC/Src/usbh_cdc.o
 .text.USBH_CDC_Process
                0x000000000800599c      0x12c ./Middlewares/ST/STM32_USB_Host_Library/Class/CDC/Src/usbh_cdc.o
 .text.USBH_CDC_SOFProcess
                0x0000000008005ac8       0x16 ./Middlewares/ST/STM32_USB_Host_Library/Class/CDC/Src/usbh_cdc.o
 .text.GetLineCoding
                0x0000000008005ade       0x3e ./Middlewares/ST/STM32_USB_Host_Library/Class/CDC/Src/usbh_cdc.o
 .text.SetLineCoding
                0x0000000008005b1c       0x3e ./Middlewares/ST/STM32_USB_Host_Library/Class/CDC/Src/usbh_cdc.o
 .text.CDC_ProcessTransmission
                0x0000000008005b5a       0xec ./Middlewares/ST/STM32_USB_Host_Library/Class/CDC/Src/usbh_cdc.o
 .text.CDC_ProcessReception
                0x0000000008005c46       0xb6 ./Middlewares/ST/STM32_USB_Host_Library/Class/CDC/Src/usbh_cdc.o
 .text.USBH_CDC_TransmitCallback
                0x0000000008005cfc       0x14 ./Middlewares/ST/STM32_USB_Host_Library/Class/CDC/Src/usbh_cdc.o
                0x0000000008005cfc                USBH_CDC_TransmitCallback
 .text.USBH_CDC_ReceiveCallback
                0x0000000008005d10       0x14 ./Middlewares/ST/STM32_USB_Host_Library/Class/CDC/Src/usbh_cdc.o
                0x0000000008005d10                USBH_CDC_ReceiveCallback
 .text.USBH_CDC_LineCodingChanged
                0x0000000008005d24       0x14 ./Middlewares/ST/STM32_USB_Host_Library/Class/CDC/Src/usbh_cdc.o
                0x0000000008005d24                USBH_CDC_LineCodingChanged
 .text.USBH_Init
                0x0000000008005d38       0x74 ./Middlewares/ST/STM32_USB_Host_Library/Core/Src/usbh_core.o
                0x0000000008005d38                USBH_Init
 .text.DeInitStateMachine
                0x0000000008005dac       0xa8 ./Middlewares/ST/STM32_USB_Host_Library/Core/Src/usbh_core.o
 .text.USBH_RegisterClass
                0x0000000008005e54       0x54 ./Middlewares/ST/STM32_USB_Host_Library/Core/Src/usbh_core.o
                0x0000000008005e54                USBH_RegisterClass
 .text.USBH_SelectInterface
                0x0000000008005ea8       0x38 ./Middlewares/ST/STM32_USB_Host_Library/Core/Src/usbh_core.o
                0x0000000008005ea8                USBH_SelectInterface
 .text.USBH_FindInterface
                0x0000000008005ee0       0x8c ./Middlewares/ST/STM32_USB_Host_Library/Core/Src/usbh_core.o
                0x0000000008005ee0                USBH_FindInterface
 .text.USBH_Start
                0x0000000008005f6c       0x20 ./Middlewares/ST/STM32_USB_Host_Library/Core/Src/usbh_core.o
                0x0000000008005f6c                USBH_Start
 .text.USBH_Process
                0x0000000008005f8c      0x3c0 ./Middlewares/ST/STM32_USB_Host_Library/Core/Src/usbh_core.o
                0x0000000008005f8c                USBH_Process
 .text.USBH_HandleEnum
                0x000000000800634c      0x3c8 ./Middlewares/ST/STM32_USB_Host_Library/Core/Src/usbh_core.o
 .text.USBH_LL_SetTimer
                0x0000000008006714       0x1e ./Middlewares/ST/STM32_USB_Host_Library/Core/Src/usbh_core.o
                0x0000000008006714                USBH_LL_SetTimer
 .text.USBH_LL_IncTimer
                0x0000000008006732       0x24 ./Middlewares/ST/STM32_USB_Host_Library/Core/Src/usbh_core.o
                0x0000000008006732                USBH_LL_IncTimer
 .text.USBH_HandleSof
                0x0000000008006756       0x30 ./Middlewares/ST/STM32_USB_Host_Library/Core/Src/usbh_core.o
 .text.USBH_LL_PortEnabled
                0x0000000008006786       0x1c ./Middlewares/ST/STM32_USB_Host_Library/Core/Src/usbh_core.o
                0x0000000008006786                USBH_LL_PortEnabled
 .text.USBH_LL_PortDisabled
                0x00000000080067a2       0x1c ./Middlewares/ST/STM32_USB_Host_Library/Core/Src/usbh_core.o
                0x00000000080067a2                USBH_LL_PortDisabled
 .text.USBH_LL_Connect
                0x00000000080067be       0x2e ./Middlewares/ST/STM32_USB_Host_Library/Core/Src/usbh_core.o
                0x00000000080067be                USBH_LL_Connect
 .text.USBH_LL_Disconnect
                0x00000000080067ec       0x48 ./Middlewares/ST/STM32_USB_Host_Library/Core/Src/usbh_core.o
                0x00000000080067ec                USBH_LL_Disconnect
 .text.USBH_Get_DevDesc
                0x0000000008006834       0x50 ./Middlewares/ST/STM32_USB_Host_Library/Core/Src/usbh_ctlreq.o
                0x0000000008006834                USBH_Get_DevDesc
 .text.USBH_Get_CfgDesc
                0x0000000008006884       0x48 ./Middlewares/ST/STM32_USB_Host_Library/Core/Src/usbh_ctlreq.o
                0x0000000008006884                USBH_Get_CfgDesc
 .text.USBH_Get_StringDesc
                0x00000000080068cc       0x56 ./Middlewares/ST/STM32_USB_Host_Library/Core/Src/usbh_ctlreq.o
                0x00000000080068cc                USBH_Get_StringDesc
 .text.USBH_GetDescriptor
                0x0000000008006922       0x6a ./Middlewares/ST/STM32_USB_Host_Library/Core/Src/usbh_ctlreq.o
                0x0000000008006922                USBH_GetDescriptor
 .text.USBH_SetAddress
                0x000000000800698c       0x48 ./Middlewares/ST/STM32_USB_Host_Library/Core/Src/usbh_ctlreq.o
                0x000000000800698c                USBH_SetAddress
 .text.USBH_SetCfg
                0x00000000080069d4       0x46 ./Middlewares/ST/STM32_USB_Host_Library/Core/Src/usbh_ctlreq.o
                0x00000000080069d4                USBH_SetCfg
 .text.USBH_SetFeature
                0x0000000008006a1a       0x48 ./Middlewares/ST/STM32_USB_Host_Library/Core/Src/usbh_ctlreq.o
                0x0000000008006a1a                USBH_SetFeature
 .text.USBH_ClrFeature
                0x0000000008006a62       0x48 ./Middlewares/ST/STM32_USB_Host_Library/Core/Src/usbh_ctlreq.o
                0x0000000008006a62                USBH_ClrFeature
 .text.USBH_ParseDevDesc
                0x0000000008006aaa       0xe0 ./Middlewares/ST/STM32_USB_Host_Library/Core/Src/usbh_ctlreq.o
 .text.USBH_ParseCfgDesc
                0x0000000008006b8a      0x144 ./Middlewares/ST/STM32_USB_Host_Library/Core/Src/usbh_ctlreq.o
 .text.USBH_ParseInterfaceDesc
                0x0000000008006cce       0x5e ./Middlewares/ST/STM32_USB_Host_Library/Core/Src/usbh_ctlreq.o
 .text.USBH_ParseEPDesc
                0x0000000008006d2c       0x5a ./Middlewares/ST/STM32_USB_Host_Library/Core/Src/usbh_ctlreq.o
 .text.USBH_ParseStringDesc
                0x0000000008006d86       0x66 ./Middlewares/ST/STM32_USB_Host_Library/Core/Src/usbh_ctlreq.o
 .text.USBH_GetNextDesc
                0x0000000008006dec       0x36 ./Middlewares/ST/STM32_USB_Host_Library/Core/Src/usbh_ctlreq.o
                0x0000000008006dec                USBH_GetNextDesc
 .text.USBH_CtlReq
                0x0000000008006e22       0x7a ./Middlewares/ST/STM32_USB_Host_Library/Core/Src/usbh_ctlreq.o
                0x0000000008006e22                USBH_CtlReq
 .text.USBH_HandleControl
                0x0000000008006e9c      0x2e8 ./Middlewares/ST/STM32_USB_Host_Library/Core/Src/usbh_ctlreq.o
 .text.USBH_CtlSendSetup
                0x0000000008007184       0x34 ./Middlewares/ST/STM32_USB_Host_Library/Core/Src/usbh_ioreq.o
                0x0000000008007184                USBH_CtlSendSetup
 .text.USBH_CtlSendData
                0x00000000080071b8       0x4a ./Middlewares/ST/STM32_USB_Host_Library/Core/Src/usbh_ioreq.o
                0x00000000080071b8                USBH_CtlSendData
 .text.USBH_CtlReceiveData
                0x0000000008007202       0x3c ./Middlewares/ST/STM32_USB_Host_Library/Core/Src/usbh_ioreq.o
                0x0000000008007202                USBH_CtlReceiveData
 .text.USBH_BulkSendData
                0x000000000800723e       0x4a ./Middlewares/ST/STM32_USB_Host_Library/Core/Src/usbh_ioreq.o
                0x000000000800723e                USBH_BulkSendData
 .text.USBH_BulkReceiveData
                0x0000000008007288       0x3c ./Middlewares/ST/STM32_USB_Host_Library/Core/Src/usbh_ioreq.o
                0x0000000008007288                USBH_BulkReceiveData
 .text.USBH_OpenPipe
                0x00000000080072c4       0x3e ./Middlewares/ST/STM32_USB_Host_Library/Core/Src/usbh_pipes.o
                0x00000000080072c4                USBH_OpenPipe
 .text.USBH_ClosePipe
                0x0000000008007302       0x20 ./Middlewares/ST/STM32_USB_Host_Library/Core/Src/usbh_pipes.o
                0x0000000008007302                USBH_ClosePipe
 .text.USBH_AllocPipe
                0x0000000008007322       0x42 ./Middlewares/ST/STM32_USB_Host_Library/Core/Src/usbh_pipes.o
                0x0000000008007322                USBH_AllocPipe
 .text.USBH_FreePipe
                0x0000000008007364       0x3c ./Middlewares/ST/STM32_USB_Host_Library/Core/Src/usbh_pipes.o
                0x0000000008007364                USBH_FreePipe
 .text.USBH_GetFreePipe
                0x00000000080073a0       0x48 ./Middlewares/ST/STM32_USB_Host_Library/Core/Src/usbh_pipes.o
 .text.MX_USB_HOST_Init
                0x00000000080073e8       0x4c ./USB_HOST/App/usb_host.o
                0x00000000080073e8                MX_USB_HOST_Init
 .text.MX_USB_HOST_Process
                0x0000000008007434       0x14 ./USB_HOST/App/usb_host.o
                0x0000000008007434                MX_USB_HOST_Process
 .text.USBH_UserProcess
                0x0000000008007448       0x5c ./USB_HOST/App/usb_host.o
 .text.HAL_HCD_MspInit
                0x00000000080074a4       0xc4 ./USB_HOST/Target/usbh_conf.o
                0x00000000080074a4                HAL_HCD_MspInit
 .text.HAL_HCD_SOF_Callback
                0x0000000008007568       0x1c ./USB_HOST/Target/usbh_conf.o
                0x0000000008007568                HAL_HCD_SOF_Callback
 .text.HAL_HCD_Connect_Callback
                0x0000000008007584       0x1c ./USB_HOST/Target/usbh_conf.o
                0x0000000008007584                HAL_HCD_Connect_Callback
 .text.HAL_HCD_Disconnect_Callback
                0x00000000080075a0       0x1c ./USB_HOST/Target/usbh_conf.o
                0x00000000080075a0                HAL_HCD_Disconnect_Callback
 .text.HAL_HCD_HC_NotifyURBChange_Callback
                0x00000000080075bc       0x1c ./USB_HOST/Target/usbh_conf.o
                0x00000000080075bc                HAL_HCD_HC_NotifyURBChange_Callback
 .text.HAL_HCD_PortEnabled_Callback
                0x00000000080075d8       0x1c ./USB_HOST/Target/usbh_conf.o
                0x00000000080075d8                HAL_HCD_PortEnabled_Callback
 .text.HAL_HCD_PortDisabled_Callback
                0x00000000080075f4       0x1c ./USB_HOST/Target/usbh_conf.o
                0x00000000080075f4                HAL_HCD_PortDisabled_Callback
 .text.USBH_LL_Init
                0x0000000008007610       0x78 ./USB_HOST/Target/usbh_conf.o
                0x0000000008007610                USBH_LL_Init
 .text.USBH_LL_Start
                0x0000000008007688       0x36 ./USB_HOST/Target/usbh_conf.o
                0x0000000008007688                USBH_LL_Start
 .text.USBH_LL_Stop
                0x00000000080076be       0x36 ./USB_HOST/Target/usbh_conf.o
                0x00000000080076be                USBH_LL_Stop
 .text.USBH_LL_GetSpeed
                0x00000000080076f4       0x4e ./USB_HOST/Target/usbh_conf.o
                0x00000000080076f4                USBH_LL_GetSpeed
 .text.USBH_LL_ResetPort
                0x0000000008007742       0x36 ./USB_HOST/Target/usbh_conf.o
                0x0000000008007742                USBH_LL_ResetPort
 .text.USBH_LL_GetLastXferSize
                0x0000000008007778       0x26 ./USB_HOST/Target/usbh_conf.o
                0x0000000008007778                USBH_LL_GetLastXferSize
 .text.USBH_LL_OpenPipe
                0x000000000800779e       0x5e ./USB_HOST/Target/usbh_conf.o
                0x000000000800779e                USBH_LL_OpenPipe
 .text.USBH_LL_ClosePipe
                0x00000000080077fc       0x3e ./USB_HOST/Target/usbh_conf.o
                0x00000000080077fc                USBH_LL_ClosePipe
 .text.USBH_LL_SubmitURB
                0x000000000800783a       0x62 ./USB_HOST/Target/usbh_conf.o
                0x000000000800783a                USBH_LL_SubmitURB
 .text.USBH_LL_GetURBState
                0x000000000800789c       0x26 ./USB_HOST/Target/usbh_conf.o
                0x000000000800789c                USBH_LL_GetURBState
 .text.USBH_LL_DriverVBUS
                0x00000000080078c2       0x2e ./USB_HOST/Target/usbh_conf.o
                0x00000000080078c2                USBH_LL_DriverVBUS
 .text.USBH_LL_SetToggle
                0x00000000080078f0       0x60 ./USB_HOST/Target/usbh_conf.o
                0x00000000080078f0                USBH_LL_SetToggle
 .text.USBH_Delay
                0x0000000008007950       0x16 ./USB_HOST/Target/usbh_conf.o
                0x0000000008007950                USBH_Delay
 *fill*         0x0000000008007966        0x2 
 .text.USBH_Get_USB_Status
                0x0000000008007968       0x58 ./USB_HOST/Target/usbh_conf.o
                0x0000000008007968                USBH_Get_USB_Status
 .text.MX_DriverVbusFS
                0x00000000080079c0       0x38 ./USB_HOST/Target/usbh_platform.o
                0x00000000080079c0                MX_DriverVbusFS
 .text.__errno  0x00000000080079f8        0xc /opt/st/stm32cubeide_1.8.0/plugins/com.st.stm32cube.ide.mcu.externaltools.gnu-tools-for-stm32.9-2020-q2-update.linux64_2.0.0.202105311346/tools/bin/../lib/gcc/arm-none-eabi/9.3.1/../../../../arm-none-eabi/lib/thumb/v7e-m+fp/hard/libc_nano.a(lib_a-errno.o)
                0x00000000080079f8                __errno
 .text.__libc_init_array
                0x0000000008007a04       0x48 /opt/st/stm32cubeide_1.8.0/plugins/com.st.stm32cube.ide.mcu.externaltools.gnu-tools-for-stm32.9-2020-q2-update.linux64_2.0.0.202105311346/tools/bin/../lib/gcc/arm-none-eabi/9.3.1/../../../../arm-none-eabi/lib/thumb/v7e-m+fp/hard/libc_nano.a(lib_a-init.o)
                0x0000000008007a04                __libc_init_array
 .text.malloc   0x0000000008007a4c       0x10 /opt/st/stm32cubeide_1.8.0/plugins/com.st.stm32cube.ide.mcu.externaltools.gnu-tools-for-stm32.9-2020-q2-update.linux64_2.0.0.202105311346/tools/bin/../lib/gcc/arm-none-eabi/9.3.1/../../../../arm-none-eabi/lib/thumb/v7e-m+fp/hard/libc_nano.a(lib_a-malloc.o)
                0x0000000008007a4c                malloc
 .text.free     0x0000000008007a5c       0x10 /opt/st/stm32cubeide_1.8.0/plugins/com.st.stm32cube.ide.mcu.externaltools.gnu-tools-for-stm32.9-2020-q2-update.linux64_2.0.0.202105311346/tools/bin/../lib/gcc/arm-none-eabi/9.3.1/../../../../arm-none-eabi/lib/thumb/v7e-m+fp/hard/libc_nano.a(lib_a-malloc.o)
                0x0000000008007a5c                free
 .text.memset   0x0000000008007a6c       0x10 /opt/st/stm32cubeide_1.8.0/plugins/com.st.stm32cube.ide.mcu.externaltools.gnu-tools-for-stm32.9-2020-q2-update.linux64_2.0.0.202105311346/tools/bin/../lib/gcc/arm-none-eabi/9.3.1/../../../../arm-none-eabi/lib/thumb/v7e-m+fp/hard/libc_nano.a(lib_a-memset.o)
                0x0000000008007a6c                memset
 .text._free_r  0x0000000008007a7c       0xa0 /opt/st/stm32cubeide_1.8.0/plugins/com.st.stm32cube.ide.mcu.externaltools.gnu-tools-for-stm32.9-2020-q2-update.linux64_2.0.0.202105311346/tools/bin/../lib/gcc/arm-none-eabi/9.3.1/../../../../arm-none-eabi/lib/thumb/v7e-m+fp/hard/libc_nano.a(lib_a-nano-freer.o)
                0x0000000008007a7c                _free_r
 .text._malloc_r
                0x0000000008007b1c       0xb4 /opt/st/stm32cubeide_1.8.0/plugins/com.st.stm32cube.ide.mcu.externaltools.gnu-tools-for-stm32.9-2020-q2-update.linux64_2.0.0.202105311346/tools/bin/../lib/gcc/arm-none-eabi/9.3.1/../../../../arm-none-eabi/lib/thumb/v7e-m+fp/hard/libc_nano.a(lib_a-nano-mallocr.o)
                0x0000000008007b1c                _malloc_r
 .text._sbrk_r  0x0000000008007bd0       0x20 /opt/st/stm32cubeide_1.8.0/plugins/com.st.stm32cube.ide.mcu.externaltools.gnu-tools-for-stm32.9-2020-q2-update.linux64_2.0.0.202105311346/tools/bin/../lib/gcc/arm-none-eabi/9.3.1/../../../../arm-none-eabi/lib/thumb/v7e-m+fp/hard/libc_nano.a(lib_a-sbrkr.o)
                0x0000000008007bd0                _sbrk_r
 .text.__malloc_lock
                0x0000000008007bf0        0xc /opt/st/stm32cubeide_1.8.0/plugins/com.st.stm32cube.ide.mcu.externaltools.gnu-tools-for-stm32.9-2020-q2-update.linux64_2.0.0.202105311346/tools/bin/../lib/gcc/arm-none-eabi/9.3.1/../../../../arm-none-eabi/lib/thumb/v7e-m+fp/hard/libc_nano.a(lib_a-mlock.o)
                0x0000000008007bf0                __malloc_lock
 .text.__malloc_unlock
                0x0000000008007bfc        0xc /opt/st/stm32cubeide_1.8.0/plugins/com.st.stm32cube.ide.mcu.externaltools.gnu-tools-for-stm32.9-2020-q2-update.linux64_2.0.0.202105311346/tools/bin/../lib/gcc/arm-none-eabi/9.3.1/../../../../arm-none-eabi/lib/thumb/v7e-m+fp/hard/libc_nano.a(lib_a-mlock.o)
                0x0000000008007bfc                __malloc_unlock
 .text.__retarget_lock_acquire_recursive
                0x0000000008007c08        0x2 /opt/st/stm32cubeide_1.8.0/plugins/com.st.stm32cube.ide.mcu.externaltools.gnu-tools-for-stm32.9-2020-q2-update.linux64_2.0.0.202105311346/tools/bin/../lib/gcc/arm-none-eabi/9.3.1/../../../../arm-none-eabi/lib/thumb/v7e-m+fp/hard/libc_nano.a(lib_a-lock.o)
                0x0000000008007c08                __retarget_lock_acquire_recursive
 .text.__retarget_lock_release_recursive
                0x0000000008007c0a        0x2 /opt/st/stm32cubeide_1.8.0/plugins/com.st.stm32cube.ide.mcu.externaltools.gnu-tools-for-stm32.9-2020-q2-update.linux64_2.0.0.202105311346/tools/bin/../lib/gcc/arm-none-eabi/9.3.1/../../../../arm-none-eabi/lib/thumb/v7e-m+fp/hard/libc_nano.a(lib_a-lock.o)
                0x0000000008007c0a                __retarget_lock_release_recursive
 *(.glue_7)
 .glue_7        0x0000000008007c0c        0x0 linker stubs
 *(.glue_7t)
 .glue_7t       0x0000000008007c0c        0x0 linker stubs
 *(.eh_frame)
 .eh_frame      0x0000000008007c0c        0x0 /opt/st/stm32cubeide_1.8.0/plugins/com.st.stm32cube.ide.mcu.externaltools.gnu-tools-for-stm32.9-2020-q2-update.linux64_2.0.0.202105311346/tools/bin/../lib/gcc/arm-none-eabi/9.3.1/thumb/v7e-m+fp/hard/crtbegin.o
 *(.init)
 .init          0x0000000008007c0c        0x4 /opt/st/stm32cubeide_1.8.0/plugins/com.st.stm32cube.ide.mcu.externaltools.gnu-tools-for-stm32.9-2020-q2-update.linux64_2.0.0.202105311346/tools/bin/../lib/gcc/arm-none-eabi/9.3.1/thumb/v7e-m+fp/hard/crti.o
                0x0000000008007c0c                _init
 .init          0x0000000008007c10        0x8 /opt/st/stm32cubeide_1.8.0/plugins/com.st.stm32cube.ide.mcu.externaltools.gnu-tools-for-stm32.9-2020-q2-update.linux64_2.0.0.202105311346/tools/bin/../lib/gcc/arm-none-eabi/9.3.1/thumb/v7e-m+fp/hard/crtn.o
 *(.fini)
 .fini          0x0000000008007c18        0x4 /opt/st/stm32cubeide_1.8.0/plugins/com.st.stm32cube.ide.mcu.externaltools.gnu-tools-for-stm32.9-2020-q2-update.linux64_2.0.0.202105311346/tools/bin/../lib/gcc/arm-none-eabi/9.3.1/thumb/v7e-m+fp/hard/crti.o
                0x0000000008007c18                _fini
 .fini          0x0000000008007c1c        0x8 /opt/st/stm32cubeide_1.8.0/plugins/com.st.stm32cube.ide.mcu.externaltools.gnu-tools-for-stm32.9-2020-q2-update.linux64_2.0.0.202105311346/tools/bin/../lib/gcc/arm-none-eabi/9.3.1/thumb/v7e-m+fp/hard/crtn.o
                0x0000000008007c24                . = ALIGN (0x4)
                0x0000000008007c24                _etext = .

.vfp11_veneer   0x0000000008007c24        0x0
 .vfp11_veneer  0x0000000008007c24        0x0 linker stubs

.v4_bx          0x0000000008007c24        0x0
 .v4_bx         0x0000000008007c24        0x0 linker stubs

.iplt           0x0000000008007c24        0x0
 .iplt          0x0000000008007c24        0x0 /opt/st/stm32cubeide_1.8.0/plugins/com.st.stm32cube.ide.mcu.externaltools.gnu-tools-for-stm32.9-2020-q2-update.linux64_2.0.0.202105311346/tools/bin/../lib/gcc/arm-none-eabi/9.3.1/thumb/v7e-m+fp/hard/crtbegin.o

.rodata         0x0000000008007c24       0x1c
                0x0000000008007c24                . = ALIGN (0x4)
 *(.rodata)
 .rodata        0x0000000008007c24        0x4 ./Middlewares/ST/STM32_USB_Host_Library/Class/CDC/Src/usbh_cdc.o
 *(.rodata*)
 .rodata.AHBPrescTable
                0x0000000008007c28       0x10 ./Core/Src/system_stm32f4xx.o
                0x0000000008007c28                AHBPrescTable
 .rodata.APBPrescTable
                0x0000000008007c38        0x8 ./Core/Src/system_stm32f4xx.o
                0x0000000008007c38                APBPrescTable
                0x0000000008007c40                . = ALIGN (0x4)

.ARM.extab      0x0000000008007c40        0x0
                0x0000000008007c40                . = ALIGN (0x4)
 *(.ARM.extab* .gnu.linkonce.armextab.*)
                0x0000000008007c40                . = ALIGN (0x4)

.ARM            0x0000000008007c40        0x8
                0x0000000008007c40                . = ALIGN (0x4)
                0x0000000008007c40                __exidx_start = .
 *(.ARM.exidx*)
 .ARM.exidx     0x0000000008007c40        0x8 /opt/st/stm32cubeide_1.8.0/plugins/com.st.stm32cube.ide.mcu.externaltools.gnu-tools-for-stm32.9-2020-q2-update.linux64_2.0.0.202105311346/tools/bin/../lib/gcc/arm-none-eabi/9.3.1/thumb/v7e-m+fp/hard/libgcc.a(_udivmoddi4.o)
                0x0000000008007c48                __exidx_end = .
                0x0000000008007c48                . = ALIGN (0x4)

.rel.dyn        0x0000000008007c48        0x0
 .rel.iplt      0x0000000008007c48        0x0 /opt/st/stm32cubeide_1.8.0/plugins/com.st.stm32cube.ide.mcu.externaltools.gnu-tools-for-stm32.9-2020-q2-update.linux64_2.0.0.202105311346/tools/bin/../lib/gcc/arm-none-eabi/9.3.1/thumb/v7e-m+fp/hard/crtbegin.o

.preinit_array  0x0000000008007c48        0x0
                0x0000000008007c48                . = ALIGN (0x4)
                0x0000000008007c48                PROVIDE (__preinit_array_start = .)
 *(.preinit_array*)
                0x0000000008007c48                PROVIDE (__preinit_array_end = .)
                0x0000000008007c48                . = ALIGN (0x4)

.init_array     0x0000000008007c48        0x4
                0x0000000008007c48                . = ALIGN (0x4)
                0x0000000008007c48                PROVIDE (__init_array_start = .)
 *(SORT_BY_NAME(.init_array.*))
 *(.init_array*)
 .init_array    0x0000000008007c48        0x4 /opt/st/stm32cubeide_1.8.0/plugins/com.st.stm32cube.ide.mcu.externaltools.gnu-tools-for-stm32.9-2020-q2-update.linux64_2.0.0.202105311346/tools/bin/../lib/gcc/arm-none-eabi/9.3.1/thumb/v7e-m+fp/hard/crtbegin.o
                0x0000000008007c4c                PROVIDE (__init_array_end = .)
                0x0000000008007c4c                . = ALIGN (0x4)

.fini_array     0x0000000008007c4c        0x4
                0x0000000008007c4c                . = ALIGN (0x4)
                [!provide]                        PROVIDE (__fini_array_start = .)
 *(SORT_BY_NAME(.fini_array.*))
 *(.fini_array*)
 .fini_array    0x0000000008007c4c        0x4 /opt/st/stm32cubeide_1.8.0/plugins/com.st.stm32cube.ide.mcu.externaltools.gnu-tools-for-stm32.9-2020-q2-update.linux64_2.0.0.202105311346/tools/bin/../lib/gcc/arm-none-eabi/9.3.1/thumb/v7e-m+fp/hard/crtbegin.o
                [!provide]                        PROVIDE (__fini_array_end = .)
                0x0000000008007c50                . = ALIGN (0x4)
                0x0000000008007c50                _sidata = LOADADDR (.data)

.data           0x0000000020000000       0x90 load address 0x0000000008007c50
                0x0000000020000000                . = ALIGN (0x4)
                0x0000000020000000                _sdata = .
 *(.data)
 *(.data*)
 .data.SystemCoreClock
                0x0000000020000000        0x4 ./Core/Src/system_stm32f4xx.o
                0x0000000020000000                SystemCoreClock
 .data.uwTickPrio
                0x0000000020000004        0x4 ./Drivers/STM32F4xx_HAL_Driver/Src/stm32f4xx_hal.o
                0x0000000020000004                uwTickPrio
 .data.uwTickFreq
                0x0000000020000008        0x1 ./Drivers/STM32F4xx_HAL_Driver/Src/stm32f4xx_hal.o
                0x0000000020000008                uwTickFreq
 *fill*         0x0000000020000009        0x3 
 .data.CDC_Class
                0x000000002000000c       0x20 ./Middlewares/ST/STM32_USB_Host_Library/Class/CDC/Src/usbh_cdc.o
                0x000000002000000c                CDC_Class
 .data._impure_ptr
                0x000000002000002c        0x4 /opt/st/stm32cubeide_1.8.0/plugins/com.st.stm32cube.ide.mcu.externaltools.gnu-tools-for-stm32.9-2020-q2-update.linux64_2.0.0.202105311346/tools/bin/../lib/gcc/arm-none-eabi/9.3.1/../../../../arm-none-eabi/lib/thumb/v7e-m+fp/hard/libc_nano.a(lib_a-impure.o)
                0x000000002000002c                _impure_ptr
 .data.impure_data
                0x0000000020000030       0x60 /opt/st/stm32cubeide_1.8.0/plugins/com.st.stm32cube.ide.mcu.externaltools.gnu-tools-for-stm32.9-2020-q2-update.linux64_2.0.0.202105311346/tools/bin/../lib/gcc/arm-none-eabi/9.3.1/../../../../arm-none-eabi/lib/thumb/v7e-m+fp/hard/libc_nano.a(lib_a-impure.o)
 *(.RamFunc)
 *(.RamFunc*)
                0x0000000020000090                . = ALIGN (0x4)
                0x0000000020000090                _edata = .
                0x0000000008007ce0                _siccmram = LOADADDR (.ccmram)

.igot.plt       0x0000000020000090        0x0 load address 0x0000000008007ce0
 .igot.plt      0x0000000020000090        0x0 /opt/st/stm32cubeide_1.8.0/plugins/com.st.stm32cube.ide.mcu.externaltools.gnu-tools-for-stm32.9-2020-q2-update.linux64_2.0.0.202105311346/tools/bin/../lib/gcc/arm-none-eabi/9.3.1/thumb/v7e-m+fp/hard/crtbegin.o

.ccmram         0x0000000010000000        0x0 load address 0x0000000008007ce0
                0x0000000010000000                . = ALIGN (0x4)
                0x0000000010000000                _sccmram = .
 *(.ccmram)
 *(.ccmram*)
                0x0000000010000000                . = ALIGN (0x4)
                0x0000000010000000                _eccmram = .
                0x0000000010000000                . = ALIGN (0x4)

.bss            0x0000000020000090      0x810
                0x0000000020000090                _sbss = .
                0x0000000020000090                __bss_start__ = _sbss
 *(.bss)
 .bss           0x0000000020000090       0x1c /opt/st/stm32cubeide_1.8.0/plugins/com.st.stm32cube.ide.mcu.externaltools.gnu-tools-for-stm32.9-2020-q2-update.linux64_2.0.0.202105311346/tools/bin/../lib/gcc/arm-none-eabi/9.3.1/thumb/v7e-m+fp/hard/crtbegin.o
 *(.bss*)
 .bss.__sbrk_heap_end
                0x00000000200000ac        0x4 ./Core/Src/sysmem.o
 .bss.Appli_state
                0x00000000200000b0        0x1 ./USB_HOST/App/usb_host.o
                0x00000000200000b0                Appli_state
 *fill*         0x00000000200000b1        0x3 
 .bss.__malloc_free_list
                0x00000000200000b4        0x4 /opt/st/stm32cubeide_1.8.0/plugins/com.st.stm32cube.ide.mcu.externaltools.gnu-tools-for-stm32.9-2020-q2-update.linux64_2.0.0.202105311346/tools/bin/../lib/gcc/arm-none-eabi/9.3.1/../../../../arm-none-eabi/lib/thumb/v7e-m+fp/hard/libc_nano.a(lib_a-nano-mallocr.o)
                0x00000000200000b4                __malloc_free_list
 .bss.__malloc_sbrk_start
                0x00000000200000b8        0x4 /opt/st/stm32cubeide_1.8.0/plugins/com.st.stm32cube.ide.mcu.externaltools.gnu-tools-for-stm32.9-2020-q2-update.linux64_2.0.0.202105311346/tools/bin/../lib/gcc/arm-none-eabi/9.3.1/../../../../arm-none-eabi/lib/thumb/v7e-m+fp/hard/libc_nano.a(lib_a-nano-mallocr.o)
                0x00000000200000b8                __malloc_sbrk_start
 *(COMMON)
 COMMON         0x00000000200000bc       0xf4 ./Core/Src/main.o
                0x00000000200000bc                hi2c1
                0x0000000020000110                hspi1
                0x0000000020000168                hi2s3
 COMMON         0x00000000200001b0        0x4 ./Drivers/STM32F4xx_HAL_Driver/Src/stm32f4xx_hal.o
                0x00000000200001b0                uwTick
 COMMON         0x00000000200001b4      0x3d8 ./USB_HOST/App/usb_host.o
                0x00000000200001b4                hUsbHostFS
 COMMON         0x000000002000058c      0x304 ./USB_HOST/Target/usbh_conf.o
                0x000000002000058c                hhcd_USB_OTG_FS
 COMMON         0x0000000020000890        0x4 /opt/st/stm32cubeide_1.8.0/plugins/com.st.stm32cube.ide.mcu.externaltools.gnu-tools-for-stm32.9-2020-q2-update.linux64_2.0.0.202105311346/tools/bin/../lib/gcc/arm-none-eabi/9.3.1/../../../../arm-none-eabi/lib/thumb/v7e-m+fp/hard/libc_nano.a(lib_a-reent.o)
                0x0000000020000890                errno
 COMMON         0x0000000020000894        0x9 /opt/st/stm32cubeide_1.8.0/plugins/com.st.stm32cube.ide.mcu.externaltools.gnu-tools-for-stm32.9-2020-q2-update.linux64_2.0.0.202105311346/tools/bin/../lib/gcc/arm-none-eabi/9.3.1/../../../../arm-none-eabi/lib/thumb/v7e-m+fp/hard/libc_nano.a(lib_a-lock.o)
                0x0000000020000894                __lock___atexit_recursive_mutex
                0x0000000020000895                __lock___arc4random_mutex
                0x0000000020000896                __lock___env_recursive_mutex
                0x0000000020000897                __lock___sinit_recursive_mutex
                0x0000000020000898                __lock___malloc_recursive_mutex
                0x0000000020000899                __lock___at_quick_exit_mutex
                0x000000002000089a                __lock___dd_hash_mutex
                0x000000002000089b                __lock___tz_mutex
                0x000000002000089c                __lock___sfp_recursive_mutex
                0x00000000200008a0                . = ALIGN (0x4)
 *fill*         0x000000002000089d        0x3 
                0x00000000200008a0                _ebss = .
                0x00000000200008a0                __bss_end__ = _ebss

._user_heap_stack
                0x00000000200008a0      0x600
                0x00000000200008a0                . = ALIGN (0x8)
                [!provide]                        PROVIDE (end = .)
                0x00000000200008a0                PROVIDE (_end = .)
                0x0000000020000aa0                . = (. + _Min_Heap_Size)
 *fill*         0x00000000200008a0      0x200 
                0x0000000020000ea0                . = (. + _Min_Stack_Size)
 *fill*         0x0000000020000aa0      0x400 
                0x0000000020000ea0                . = ALIGN (0x8)

/DISCARD/
 libc.a(*)
 libm.a(*)
 libgcc.a(*)

.ARM.attributes
                0x0000000000000000       0x30
 *(.ARM.attributes)
 .ARM.attributes
                0x0000000000000000       0x1e /opt/st/stm32cubeide_1.8.0/plugins/com.st.stm32cube.ide.mcu.externaltools.gnu-tools-for-stm32.9-2020-q2-update.linux64_2.0.0.202105311346/tools/bin/../lib/gcc/arm-none-eabi/9.3.1/thumb/v7e-m+fp/hard/crti.o
 .ARM.attributes
                0x000000000000001e       0x34 /opt/st/stm32cubeide_1.8.0/plugins/com.st.stm32cube.ide.mcu.externaltools.gnu-tools-for-stm32.9-2020-q2-update.linux64_2.0.0.202105311346/tools/bin/../lib/gcc/arm-none-eabi/9.3.1/thumb/v7e-m+fp/hard/crtbegin.o
 .ARM.attributes
                0x0000000000000052       0x34 ./Core/Src/main.o
 .ARM.attributes
                0x0000000000000086       0x34 ./Core/Src/stm32f4xx_hal_msp.o
 .ARM.attributes
                0x00000000000000ba       0x34 ./Core/Src/stm32f4xx_it.o
 .ARM.attributes
                0x00000000000000ee       0x34 ./Core/Src/sysmem.o
 .ARM.attributes
                0x0000000000000122       0x34 ./Core/Src/system_stm32f4xx.o
 .ARM.attributes
                0x0000000000000156       0x21 ./Core/Startup/startup_stm32f407vgtx.o
 .ARM.attributes
                0x0000000000000177       0x34 ./Drivers/STM32F4xx_HAL_Driver/Src/stm32f4xx_hal.o
 .ARM.attributes
                0x00000000000001ab       0x34 ./Drivers/STM32F4xx_HAL_Driver/Src/stm32f4xx_hal_cortex.o
 .ARM.attributes
                0x00000000000001df       0x34 ./Drivers/STM32F4xx_HAL_Driver/Src/stm32f4xx_hal_gpio.o
 .ARM.attributes
                0x0000000000000213       0x34 ./Drivers/STM32F4xx_HAL_Driver/Src/stm32f4xx_hal_hcd.o
 .ARM.attributes
                0x0000000000000247       0x34 ./Drivers/STM32F4xx_HAL_Driver/Src/stm32f4xx_hal_i2c.o
 .ARM.attributes
                0x000000000000027b       0x34 ./Drivers/STM32F4xx_HAL_Driver/Src/stm32f4xx_hal_i2s.o
 .ARM.attributes
                0x00000000000002af       0x34 ./Drivers/STM32F4xx_HAL_Driver/Src/stm32f4xx_hal_i2s_ex.o
 .ARM.attributes
                0x00000000000002e3       0x34 ./Drivers/STM32F4xx_HAL_Driver/Src/stm32f4xx_hal_rcc.o
 .ARM.attributes
                0x0000000000000317       0x34 ./Drivers/STM32F4xx_HAL_Driver/Src/stm32f4xx_hal_rcc_ex.o
 .ARM.attributes
                0x000000000000034b       0x34 ./Drivers/STM32F4xx_HAL_Driver/Src/stm32f4xx_hal_spi.o
 .ARM.attributes
                0x000000000000037f       0x34 ./Drivers/STM32F4xx_HAL_Driver/Src/stm32f4xx_ll_usb.o
 .ARM.attributes
                0x00000000000003b3       0x34 ./Middlewares/ST/STM32_USB_Host_Library/Class/CDC/Src/usbh_cdc.o
 .ARM.attributes
                0x00000000000003e7       0x34 ./Middlewares/ST/STM32_USB_Host_Library/Core/Src/usbh_core.o
 .ARM.attributes
                0x000000000000041b       0x34 ./Middlewares/ST/STM32_USB_Host_Library/Core/Src/usbh_ctlreq.o
 .ARM.attributes
                0x000000000000044f       0x34 ./Middlewares/ST/STM32_USB_Host_Library/Core/Src/usbh_ioreq.o
 .ARM.attributes
                0x0000000000000483       0x34 ./Middlewares/ST/STM32_USB_Host_Library/Core/Src/usbh_pipes.o
 .ARM.attributes
                0x00000000000004b7       0x34 ./USB_HOST/App/usb_host.o
 .ARM.attributes
                0x00000000000004eb       0x34 ./USB_HOST/Target/usbh_conf.o
 .ARM.attributes
                0x000000000000051f       0x34 ./USB_HOST/Target/usbh_platform.o
 .ARM.attributes
                0x0000000000000553       0x34 /opt/st/stm32cubeide_1.8.0/plugins/com.st.stm32cube.ide.mcu.externaltools.gnu-tools-for-stm32.9-2020-q2-update.linux64_2.0.0.202105311346/tools/bin/../lib/gcc/arm-none-eabi/9.3.1/../../../../arm-none-eabi/lib/thumb/v7e-m+fp/hard/libc_nano.a(lib_a-errno.o)
 .ARM.attributes
                0x0000000000000587       0x32 /opt/st/stm32cubeide_1.8.0/plugins/com.st.stm32cube.ide.mcu.externaltools.gnu-tools-for-stm32.9-2020-q2-update.linux64_2.0.0.202105311346/tools/bin/../lib/gcc/arm-none-eabi/9.3.1/../../../../arm-none-eabi/lib/thumb/v7e-m+fp/hard/libc_nano.a(lib_a-impure.o)
 .ARM.attributes
                0x00000000000005b9       0x34 /opt/st/stm32cubeide_1.8.0/plugins/com.st.stm32cube.ide.mcu.externaltools.gnu-tools-for-stm32.9-2020-q2-update.linux64_2.0.0.202105311346/tools/bin/../lib/gcc/arm-none-eabi/9.3.1/../../../../arm-none-eabi/lib/thumb/v7e-m+fp/hard/libc_nano.a(lib_a-init.o)
 .ARM.attributes
                0x00000000000005ed       0x34 /opt/st/stm32cubeide_1.8.0/plugins/com.st.stm32cube.ide.mcu.externaltools.gnu-tools-for-stm32.9-2020-q2-update.linux64_2.0.0.202105311346/tools/bin/../lib/gcc/arm-none-eabi/9.3.1/../../../../arm-none-eabi/lib/thumb/v7e-m+fp/hard/libc_nano.a(lib_a-malloc.o)
 .ARM.attributes
                0x0000000000000621       0x34 /opt/st/stm32cubeide_1.8.0/plugins/com.st.stm32cube.ide.mcu.externaltools.gnu-tools-for-stm32.9-2020-q2-update.linux64_2.0.0.202105311346/tools/bin/../lib/gcc/arm-none-eabi/9.3.1/../../../../arm-none-eabi/lib/thumb/v7e-m+fp/hard/libc_nano.a(lib_a-memset.o)
 .ARM.attributes
                0x0000000000000655       0x34 /opt/st/stm32cubeide_1.8.0/plugins/com.st.stm32cube.ide.mcu.externaltools.gnu-tools-for-stm32.9-2020-q2-update.linux64_2.0.0.202105311346/tools/bin/../lib/gcc/arm-none-eabi/9.3.1/../../../../arm-none-eabi/lib/thumb/v7e-m+fp/hard/libc_nano.a(lib_a-nano-freer.o)
 .ARM.attributes
                0x0000000000000689       0x34 /opt/st/stm32cubeide_1.8.0/plugins/com.st.stm32cube.ide.mcu.externaltools.gnu-tools-for-stm32.9-2020-q2-update.linux64_2.0.0.202105311346/tools/bin/../lib/gcc/arm-none-eabi/9.3.1/../../../../arm-none-eabi/lib/thumb/v7e-m+fp/hard/libc_nano.a(lib_a-nano-mallocr.o)
 .ARM.attributes
                0x00000000000006bd       0x34 /opt/st/stm32cubeide_1.8.0/plugins/com.st.stm32cube.ide.mcu.externaltools.gnu-tools-for-stm32.9-2020-q2-update.linux64_2.0.0.202105311346/tools/bin/../lib/gcc/arm-none-eabi/9.3.1/../../../../arm-none-eabi/lib/thumb/v7e-m+fp/hard/libc_nano.a(lib_a-sbrkr.o)
 .ARM.attributes
                0x00000000000006f1       0x34 /opt/st/stm32cubeide_1.8.0/plugins/com.st.stm32cube.ide.mcu.externaltools.gnu-tools-for-stm32.9-2020-q2-update.linux64_2.0.0.202105311346/tools/bin/../lib/gcc/arm-none-eabi/9.3.1/../../../../arm-none-eabi/lib/thumb/v7e-m+fp/hard/libc_nano.a(lib_a-mlock.o)
 .ARM.attributes
                0x0000000000000725       0x34 /opt/st/stm32cubeide_1.8.0/plugins/com.st.stm32cube.ide.mcu.externaltools.gnu-tools-for-stm32.9-2020-q2-update.linux64_2.0.0.202105311346/tools/bin/../lib/gcc/arm-none-eabi/9.3.1/../../../../arm-none-eabi/lib/thumb/v7e-m+fp/hard/libc_nano.a(lib_a-reent.o)
 .ARM.attributes
                0x0000000000000759       0x34 /opt/st/stm32cubeide_1.8.0/plugins/com.st.stm32cube.ide.mcu.externaltools.gnu-tools-for-stm32.9-2020-q2-update.linux64_2.0.0.202105311346/tools/bin/../lib/gcc/arm-none-eabi/9.3.1/../../../../arm-none-eabi/lib/thumb/v7e-m+fp/hard/libc_nano.a(lib_a-lock.o)
 .ARM.attributes
                0x000000000000078d       0x1e /opt/st/stm32cubeide_1.8.0/plugins/com.st.stm32cube.ide.mcu.externaltools.gnu-tools-for-stm32.9-2020-q2-update.linux64_2.0.0.202105311346/tools/bin/../lib/gcc/arm-none-eabi/9.3.1/thumb/v7e-m+fp/hard/libgcc.a(_aeabi_uldivmod.o)
 .ARM.attributes
                0x00000000000007ab       0x34 /opt/st/stm32cubeide_1.8.0/plugins/com.st.stm32cube.ide.mcu.externaltools.gnu-tools-for-stm32.9-2020-q2-update.linux64_2.0.0.202105311346/tools/bin/../lib/gcc/arm-none-eabi/9.3.1/thumb/v7e-m+fp/hard/libgcc.a(_udivmoddi4.o)
 .ARM.attributes
                0x00000000000007df       0x1e /opt/st/stm32cubeide_1.8.0/plugins/com.st.stm32cube.ide.mcu.externaltools.gnu-tools-for-stm32.9-2020-q2-update.linux64_2.0.0.202105311346/tools/bin/../lib/gcc/arm-none-eabi/9.3.1/thumb/v7e-m+fp/hard/libgcc.a(_dvmd_tls.o)
 .ARM.attributes
                0x00000000000007fd       0x1e /opt/st/stm32cubeide_1.8.0/plugins/com.st.stm32cube.ide.mcu.externaltools.gnu-tools-for-stm32.9-2020-q2-update.linux64_2.0.0.202105311346/tools/bin/../lib/gcc/arm-none-eabi/9.3.1/thumb/v7e-m+fp/hard/crtn.o
OUTPUT(led15.elf elf32-littlearm)
LOAD linker stubs
LOAD /opt/st/stm32cubeide_1.8.0/plugins/com.st.stm32cube.ide.mcu.externaltools.gnu-tools-for-stm32.9-2020-q2-update.linux64_2.0.0.202105311346/tools/bin/../lib/gcc/arm-none-eabi/9.3.1/../../../../arm-none-eabi/lib/thumb/v7e-m+fp/hard/libc.a
LOAD /opt/st/stm32cubeide_1.8.0/plugins/com.st.stm32cube.ide.mcu.externaltools.gnu-tools-for-stm32.9-2020-q2-update.linux64_2.0.0.202105311346/tools/bin/../lib/gcc/arm-none-eabi/9.3.1/../../../../arm-none-eabi/lib/thumb/v7e-m+fp/hard/libm.a
LOAD /opt/st/stm32cubeide_1.8.0/plugins/com.st.stm32cube.ide.mcu.externaltools.gnu-tools-for-stm32.9-2020-q2-update.linux64_2.0.0.202105311346/tools/bin/../lib/gcc/arm-none-eabi/9.3.1/thumb/v7e-m+fp/hard/libgcc.a

.debug_info     0x0000000000000000    0x19f62
 .debug_info    0x0000000000000000     0x1171 ./Core/Src/main.o
 .debug_info    0x0000000000001171     0x10af ./Core/Src/stm32f4xx_hal_msp.o
 .debug_info    0x0000000000002220      0x729 ./Core/Src/stm32f4xx_it.o
 .debug_info    0x0000000000002949      0xa25 ./Core/Src/sysmem.o
 .debug_info    0x000000000000336e      0x5a4 ./Core/Src/system_stm32f4xx.o
 .debug_info    0x0000000000003912       0x22 ./Core/Startup/startup_stm32f407vgtx.o
 .debug_info    0x0000000000003934      0x9b2 ./Drivers/STM32F4xx_HAL_Driver/Src/stm32f4xx_hal.o
 .debug_info    0x00000000000042e6      0xed7 ./Drivers/STM32F4xx_HAL_Driver/Src/stm32f4xx_hal_cortex.o
 .debug_info    0x00000000000051bd      0x83e ./Drivers/STM32F4xx_HAL_Driver/Src/stm32f4xx_hal_gpio.o
 .debug_info    0x00000000000059fb      0xf67 ./Drivers/STM32F4xx_HAL_Driver/Src/stm32f4xx_hal_hcd.o
 .debug_info    0x0000000000006962     0x264d ./Drivers/STM32F4xx_HAL_Driver/Src/stm32f4xx_hal_i2c.o
 .debug_info    0x0000000000008faf      0xf30 ./Drivers/STM32F4xx_HAL_Driver/Src/stm32f4xx_hal_i2s.o
 .debug_info    0x0000000000009edf      0xc22 ./Drivers/STM32F4xx_HAL_Driver/Src/stm32f4xx_hal_i2s_ex.o
 .debug_info    0x000000000000ab01      0x996 ./Drivers/STM32F4xx_HAL_Driver/Src/stm32f4xx_hal_rcc.o
 .debug_info    0x000000000000b497      0x603 ./Drivers/STM32F4xx_HAL_Driver/Src/stm32f4xx_hal_rcc_ex.o
 .debug_info    0x000000000000ba9a     0x17c0 ./Drivers/STM32F4xx_HAL_Driver/Src/stm32f4xx_hal_spi.o
 .debug_info    0x000000000000d25a     0x1ab4 ./Drivers/STM32F4xx_HAL_Driver/Src/stm32f4xx_ll_usb.o
 .debug_info    0x000000000000ed0e     0x1c86 ./Middlewares/ST/STM32_USB_Host_Library/Class/CDC/Src/usbh_cdc.o
 .debug_info    0x0000000000010994     0x1815 ./Middlewares/ST/STM32_USB_Host_Library/Core/Src/usbh_core.o
 .debug_info    0x00000000000121a9     0x18e6 ./Middlewares/ST/STM32_USB_Host_Library/Core/Src/usbh_ctlreq.o
 .debug_info    0x0000000000013a8f     0x162f ./Middlewares/ST/STM32_USB_Host_Library/Core/Src/usbh_ioreq.o
 .debug_info    0x00000000000150be     0x1457 ./Middlewares/ST/STM32_USB_Host_Library/Core/Src/usbh_pipes.o
 .debug_info    0x0000000000016515     0x13a0 ./USB_HOST/App/usb_host.o
 .debug_info    0x00000000000178b5     0x2412 ./USB_HOST/Target/usbh_conf.o
 .debug_info    0x0000000000019cc7      0x29b ./USB_HOST/Target/usbh_platform.o

.debug_abbrev   0x0000000000000000     0x3a0b
 .debug_abbrev  0x0000000000000000      0x231 ./Core/Src/main.o
 .debug_abbrev  0x0000000000000231      0x1d9 ./Core/Src/stm32f4xx_hal_msp.o
 .debug_abbrev  0x000000000000040a      0x184 ./Core/Src/stm32f4xx_it.o
 .debug_abbrev  0x000000000000058e      0x1bf ./Core/Src/sysmem.o
 .debug_abbrev  0x000000000000074d      0x145 ./Core/Src/system_stm32f4xx.o
 .debug_abbrev  0x0000000000000892       0x12 ./Core/Startup/startup_stm32f407vgtx.o
 .debug_abbrev  0x00000000000008a4      0x1ed ./Drivers/STM32F4xx_HAL_Driver/Src/stm32f4xx_hal.o
 .debug_abbrev  0x0000000000000a91      0x33c ./Drivers/STM32F4xx_HAL_Driver/Src/stm32f4xx_hal_cortex.o
 .debug_abbrev  0x0000000000000dcd      0x1f1 ./Drivers/STM32F4xx_HAL_Driver/Src/stm32f4xx_hal_gpio.o
 .debug_abbrev  0x0000000000000fbe      0x28d ./Drivers/STM32F4xx_HAL_Driver/Src/stm32f4xx_hal_hcd.o
 .debug_abbrev  0x000000000000124b      0x282 ./Drivers/STM32F4xx_HAL_Driver/Src/stm32f4xx_hal_i2c.o
 .debug_abbrev  0x00000000000014cd      0x245 ./Drivers/STM32F4xx_HAL_Driver/Src/stm32f4xx_hal_i2s.o
 .debug_abbrev  0x0000000000001712      0x276 ./Drivers/STM32F4xx_HAL_Driver/Src/stm32f4xx_hal_i2s_ex.o
 .debug_abbrev  0x0000000000001988      0x275 ./Drivers/STM32F4xx_HAL_Driver/Src/stm32f4xx_hal_rcc.o
 .debug_abbrev  0x0000000000001bfd      0x18f ./Drivers/STM32F4xx_HAL_Driver/Src/stm32f4xx_hal_rcc_ex.o
 .debug_abbrev  0x0000000000001d8c      0x26e ./Drivers/STM32F4xx_HAL_Driver/Src/stm32f4xx_hal_spi.o
 .debug_abbrev  0x0000000000001ffa      0x2a7 ./Drivers/STM32F4xx_HAL_Driver/Src/stm32f4xx_ll_usb.o
 .debug_abbrev  0x00000000000022a1      0x352 ./Middlewares/ST/STM32_USB_Host_Library/Class/CDC/Src/usbh_cdc.o
 .debug_abbrev  0x00000000000025f3      0x3b4 ./Middlewares/ST/STM32_USB_Host_Library/Core/Src/usbh_core.o
 .debug_abbrev  0x00000000000029a7      0x367 ./Middlewares/ST/STM32_USB_Host_Library/Core/Src/usbh_ctlreq.o
 .debug_abbrev  0x0000000000002d0e      0x2b5 ./Middlewares/ST/STM32_USB_Host_Library/Core/Src/usbh_ioreq.o
 .debug_abbrev  0x0000000000002fc3      0x2f3 ./Middlewares/ST/STM32_USB_Host_Library/Core/Src/usbh_pipes.o
 .debug_abbrev  0x00000000000032b6      0x2a4 ./USB_HOST/App/usb_host.o
 .debug_abbrev  0x000000000000355a      0x397 ./USB_HOST/Target/usbh_conf.o
 .debug_abbrev  0x00000000000038f1      0x11a ./USB_HOST/Target/usbh_platform.o

.debug_aranges  0x0000000000000000     0x1108
 .debug_aranges
                0x0000000000000000       0x50 ./Core/Src/main.o
 .debug_aranges
                0x0000000000000050       0x50 ./Core/Src/stm32f4xx_hal_msp.o
 .debug_aranges
                0x00000000000000a0       0x68 ./Core/Src/stm32f4xx_it.o
 .debug_aranges
                0x0000000000000108       0x20 ./Core/Src/sysmem.o
 .debug_aranges
                0x0000000000000128       0x28 ./Core/Src/system_stm32f4xx.o
 .debug_aranges
                0x0000000000000150       0x28 ./Core/Startup/startup_stm32f407vgtx.o
 .debug_aranges
                0x0000000000000178       0xf0 ./Drivers/STM32F4xx_HAL_Driver/Src/stm32f4xx_hal.o
 .debug_aranges
                0x0000000000000268      0x118 ./Drivers/STM32F4xx_HAL_Driver/Src/stm32f4xx_hal_cortex.o
 .debug_aranges
                0x0000000000000380       0x58 ./Drivers/STM32F4xx_HAL_Driver/Src/stm32f4xx_hal_gpio.o
 .debug_aranges
                0x00000000000003d8       0xf8 ./Drivers/STM32F4xx_HAL_Driver/Src/stm32f4xx_hal_hcd.o
 .debug_aranges
                0x00000000000004d0      0x2a0 ./Drivers/STM32F4xx_HAL_Driver/Src/stm32f4xx_hal_i2c.o
 .debug_aranges
                0x0000000000000770      0x108 ./Drivers/STM32F4xx_HAL_Driver/Src/stm32f4xx_hal_i2s.o
 .debug_aranges
                0x0000000000000878       0x88 ./Drivers/STM32F4xx_HAL_Driver/Src/stm32f4xx_hal_i2s_ex.o
 .debug_aranges
                0x0000000000000900       0x88 ./Drivers/STM32F4xx_HAL_Driver/Src/stm32f4xx_hal_rcc.o
 .debug_aranges
                0x0000000000000988       0x48 ./Drivers/STM32F4xx_HAL_Driver/Src/stm32f4xx_hal_rcc_ex.o
 .debug_aranges
                0x00000000000009d0      0x1d0 ./Drivers/STM32F4xx_HAL_Driver/Src/stm32f4xx_hal_spi.o
 .debug_aranges
                0x0000000000000ba0      0x198 ./Drivers/STM32F4xx_HAL_Driver/Src/stm32f4xx_ll_usb.o
 .debug_aranges
                0x0000000000000d38       0xa8 ./Middlewares/ST/STM32_USB_Host_Library/Class/CDC/Src/usbh_cdc.o
 .debug_aranges
                0x0000000000000de0       0xc0 ./Middlewares/ST/STM32_USB_Host_Library/Core/Src/usbh_core.o
 .debug_aranges
                0x0000000000000ea0       0xa0 ./Middlewares/ST/STM32_USB_Host_Library/Core/Src/usbh_ctlreq.o
 .debug_aranges
                0x0000000000000f40       0x60 ./Middlewares/ST/STM32_USB_Host_Library/Core/Src/usbh_ioreq.o
 .debug_aranges
                0x0000000000000fa0       0x40 ./Middlewares/ST/STM32_USB_Host_Library/Core/Src/usbh_pipes.o
 .debug_aranges
                0x0000000000000fe0       0x30 ./USB_HOST/App/usb_host.o
 .debug_aranges
                0x0000000000001010       0xd8 ./USB_HOST/Target/usbh_conf.o
 .debug_aranges
                0x00000000000010e8       0x20 ./USB_HOST/Target/usbh_platform.o

.debug_ranges   0x0000000000000000      0xfa8
 .debug_ranges  0x0000000000000000       0x40 ./Core/Src/main.o
 .debug_ranges  0x0000000000000040       0x40 ./Core/Src/stm32f4xx_hal_msp.o
 .debug_ranges  0x0000000000000080       0x58 ./Core/Src/stm32f4xx_it.o
 .debug_ranges  0x00000000000000d8       0x10 ./Core/Src/sysmem.o
 .debug_ranges  0x00000000000000e8       0x18 ./Core/Src/system_stm32f4xx.o
 .debug_ranges  0x0000000000000100       0x20 ./Core/Startup/startup_stm32f407vgtx.o
 .debug_ranges  0x0000000000000120       0xe0 ./Drivers/STM32F4xx_HAL_Driver/Src/stm32f4xx_hal.o
 .debug_ranges  0x0000000000000200      0x108 ./Drivers/STM32F4xx_HAL_Driver/Src/stm32f4xx_hal_cortex.o
 .debug_ranges  0x0000000000000308       0x48 ./Drivers/STM32F4xx_HAL_Driver/Src/stm32f4xx_hal_gpio.o
 .debug_ranges  0x0000000000000350       0xe8 ./Drivers/STM32F4xx_HAL_Driver/Src/stm32f4xx_hal_hcd.o
 .debug_ranges  0x0000000000000438      0x2b8 ./Drivers/STM32F4xx_HAL_Driver/Src/stm32f4xx_hal_i2c.o
 .debug_ranges  0x00000000000006f0       0xf8 ./Drivers/STM32F4xx_HAL_Driver/Src/stm32f4xx_hal_i2s.o
 .debug_ranges  0x00000000000007e8       0x78 ./Drivers/STM32F4xx_HAL_Driver/Src/stm32f4xx_hal_i2s_ex.o
 .debug_ranges  0x0000000000000860       0x78 ./Drivers/STM32F4xx_HAL_Driver/Src/stm32f4xx_hal_rcc.o
 .debug_ranges  0x00000000000008d8       0x38 ./Drivers/STM32F4xx_HAL_Driver/Src/stm32f4xx_hal_rcc_ex.o
 .debug_ranges  0x0000000000000910      0x1c0 ./Drivers/STM32F4xx_HAL_Driver/Src/stm32f4xx_hal_spi.o
 .debug_ranges  0x0000000000000ad0      0x188 ./Drivers/STM32F4xx_HAL_Driver/Src/stm32f4xx_ll_usb.o
 .debug_ranges  0x0000000000000c58       0x98 ./Middlewares/ST/STM32_USB_Host_Library/Class/CDC/Src/usbh_cdc.o
 .debug_ranges  0x0000000000000cf0       0xb0 ./Middlewares/ST/STM32_USB_Host_Library/Core/Src/usbh_core.o
 .debug_ranges  0x0000000000000da0       0x90 ./Middlewares/ST/STM32_USB_Host_Library/Core/Src/usbh_ctlreq.o
 .debug_ranges  0x0000000000000e30       0x50 ./Middlewares/ST/STM32_USB_Host_Library/Core/Src/usbh_ioreq.o
 .debug_ranges  0x0000000000000e80       0x30 ./Middlewares/ST/STM32_USB_Host_Library/Core/Src/usbh_pipes.o
 .debug_ranges  0x0000000000000eb0       0x20 ./USB_HOST/App/usb_host.o
 .debug_ranges  0x0000000000000ed0       0xc8 ./USB_HOST/Target/usbh_conf.o
 .debug_ranges  0x0000000000000f98       0x10 ./USB_HOST/Target/usbh_platform.o

.debug_macro    0x0000000000000000    0x23a55
 .debug_macro   0x0000000000000000      0x21f ./Core/Src/main.o
 .debug_macro   0x000000000000021f      0xaa8 ./Core/Src/main.o
 .debug_macro   0x0000000000000cc7      0x2a7 ./Core/Src/main.o
 .debug_macro   0x0000000000000f6e       0x2e ./Core/Src/main.o
 .debug_macro   0x0000000000000f9c       0x2f ./Core/Src/main.o
 .debug_macro   0x0000000000000fcb       0x22 ./Core/Src/main.o
 .debug_macro   0x0000000000000fed       0x8e ./Core/Src/main.o
 .debug_macro   0x000000000000107b       0x51 ./Core/Src/main.o
 .debug_macro   0x00000000000010cc      0x103 ./Core/Src/main.o
 .debug_macro   0x00000000000011cf       0x6a ./Core/Src/main.o
 .debug_macro   0x0000000000001239      0x1df ./Core/Src/main.o
 .debug_macro   0x0000000000001418       0x1c ./Core/Src/main.o
 .debug_macro   0x0000000000001434       0x22 ./Core/Src/main.o
 .debug_macro   0x0000000000001456       0xdf ./Core/Src/main.o
 .debug_macro   0x0000000000001535     0x102d ./Core/Src/main.o
 .debug_macro   0x0000000000002562      0x11f ./Core/Src/main.o
 .debug_macro   0x0000000000002681    0x15e58 ./Core/Src/main.o
 .debug_macro   0x00000000000184d9       0x6d ./Core/Src/main.o
 .debug_macro   0x0000000000018546     0x3666 ./Core/Src/main.o
 .debug_macro   0x000000000001bbac      0x174 ./Core/Src/main.o
 .debug_macro   0x000000000001bd20       0x5c ./Core/Src/main.o
 .debug_macro   0x000000000001bd7c      0x96b ./Core/Src/main.o
 .debug_macro   0x000000000001c6e7      0x9fe ./Core/Src/main.o
 .debug_macro   0x000000000001d0e5      0x116 ./Core/Src/main.o
 .debug_macro   0x000000000001d1fb      0x13e ./Core/Src/main.o
 .debug_macro   0x000000000001d339       0xa5 ./Core/Src/main.o
 .debug_macro   0x000000000001d3de      0x174 ./Core/Src/main.o
 .debug_macro   0x000000000001d552      0x287 ./Core/Src/main.o
 .debug_macro   0x000000000001d7d9       0x5f ./Core/Src/main.o
 .debug_macro   0x000000000001d838      0x236 ./Core/Src/main.o
 .debug_macro   0x000000000001da6e      0x12c ./Core/Src/main.o
 .debug_macro   0x000000000001db9a      0x21e ./Core/Src/main.o
 .debug_macro   0x000000000001ddb8       0x2e ./Core/Src/main.o
 .debug_macro   0x000000000001dde6      0x1b5 ./Core/Src/main.o
 .debug_macro   0x000000000001df9b       0xd6 ./Core/Src/main.o
 .debug_macro   0x000000000001e071      0x1a7 ./Core/Src/main.o
 .debug_macro   0x000000000001e218       0x46 ./Core/Src/main.o
 .debug_macro   0x000000000001e25e       0x4a ./Core/Src/main.o
 .debug_macro   0x000000000001e2a8      0x11a ./Core/Src/main.o
 .debug_macro   0x000000000001e3c2       0x7e ./Core/Src/main.o
 .debug_macro   0x000000000001e440       0x89 ./Core/Src/main.o
 .debug_macro   0x000000000001e4c9      0x225 ./Core/Src/main.o
 .debug_macro   0x000000000001e6ee      0x21e ./Core/Src/main.o
 .debug_macro   0x000000000001e90c       0x7c ./Core/Src/main.o
 .debug_macro   0x000000000001e988      0x12d ./Core/Src/main.o
 .debug_macro   0x000000000001eab5      0x190 ./Core/Src/main.o
 .debug_macro   0x000000000001ec45      0x215 ./Core/Src/stm32f4xx_hal_msp.o
 .debug_macro   0x000000000001ee5a      0x21f ./Core/Src/stm32f4xx_it.o
 .debug_macro   0x000000000001f079       0xff ./Core/Src/sysmem.o
 .debug_macro   0x000000000001f178      0x23b ./Core/Src/sysmem.o
 .debug_macro   0x000000000001f3b3      0x206 ./Core/Src/system_stm32f4xx.o
 .debug_macro   0x000000000001f5b9      0x266 ./Drivers/STM32F4xx_HAL_Driver/Src/stm32f4xx_hal.o
 .debug_macro   0x000000000001f81f      0x206 ./Drivers/STM32F4xx_HAL_Driver/Src/stm32f4xx_hal_cortex.o
 .debug_macro   0x000000000001fa25      0x20c ./Drivers/STM32F4xx_HAL_Driver/Src/stm32f4xx_hal_gpio.o
 .debug_macro   0x000000000001fc31      0x206 ./Drivers/STM32F4xx_HAL_Driver/Src/stm32f4xx_hal_hcd.o
 .debug_macro   0x000000000001fe37      0x24d ./Drivers/STM32F4xx_HAL_Driver/Src/stm32f4xx_hal_i2c.o
 .debug_macro   0x0000000000020084      0x20e ./Drivers/STM32F4xx_HAL_Driver/Src/stm32f4xx_hal_i2s.o
 .debug_macro   0x0000000000020292      0x206 ./Drivers/STM32F4xx_HAL_Driver/Src/stm32f4xx_hal_i2s_ex.o
 .debug_macro   0x0000000000020498      0x22a ./Drivers/STM32F4xx_HAL_Driver/Src/stm32f4xx_hal_rcc.o
 .debug_macro   0x00000000000206c2      0x206 ./Drivers/STM32F4xx_HAL_Driver/Src/stm32f4xx_hal_rcc_ex.o
 .debug_macro   0x00000000000208c8      0x215 ./Drivers/STM32F4xx_HAL_Driver/Src/stm32f4xx_hal_spi.o
 .debug_macro   0x0000000000020add      0x206 ./Drivers/STM32F4xx_HAL_Driver/Src/stm32f4xx_ll_usb.o
 .debug_macro   0x0000000000020ce3      0x434 ./Middlewares/ST/STM32_USB_Host_Library/Class/CDC/Src/usbh_cdc.o
 .debug_macro   0x0000000000021117       0x16 ./Middlewares/ST/STM32_USB_Host_Library/Class/CDC/Src/usbh_cdc.o
 .debug_macro   0x000000000002112d       0x97 ./Middlewares/ST/STM32_USB_Host_Library/Class/CDC/Src/usbh_cdc.o
 .debug_macro   0x00000000000211c4       0xfd ./Middlewares/ST/STM32_USB_Host_Library/Class/CDC/Src/usbh_cdc.o
 .debug_macro   0x00000000000212c1       0x16 ./Middlewares/ST/STM32_USB_Host_Library/Class/CDC/Src/usbh_cdc.o
 .debug_macro   0x00000000000212d7       0x20 ./Middlewares/ST/STM32_USB_Host_Library/Class/CDC/Src/usbh_cdc.o
 .debug_macro   0x00000000000212f7       0xd9 ./Middlewares/ST/STM32_USB_Host_Library/Class/CDC/Src/usbh_cdc.o
 .debug_macro   0x00000000000213d0       0x56 ./Middlewares/ST/STM32_USB_Host_Library/Class/CDC/Src/usbh_cdc.o
 .debug_macro   0x0000000000021426       0x73 ./Middlewares/ST/STM32_USB_Host_Library/Class/CDC/Src/usbh_cdc.o
 .debug_macro   0x0000000000021499      0x218 ./Middlewares/ST/STM32_USB_Host_Library/Class/CDC/Src/usbh_cdc.o
 .debug_macro   0x00000000000216b1       0x2e ./Middlewares/ST/STM32_USB_Host_Library/Class/CDC/Src/usbh_cdc.o
 .debug_macro   0x00000000000216df       0x2e ./Middlewares/ST/STM32_USB_Host_Library/Class/CDC/Src/usbh_cdc.o
 .debug_macro   0x000000000002170d       0x28 ./Middlewares/ST/STM32_USB_Host_Library/Class/CDC/Src/usbh_cdc.o
 .debug_macro   0x0000000000021735      0x15c ./Middlewares/ST/STM32_USB_Host_Library/Class/CDC/Src/usbh_cdc.o
 .debug_macro   0x0000000000021891      0x431 ./Middlewares/ST/STM32_USB_Host_Library/Core/Src/usbh_core.o
 .debug_macro   0x0000000000021cc2      0x429 ./Middlewares/ST/STM32_USB_Host_Library/Core/Src/usbh_ctlreq.o
 .debug_macro   0x00000000000220eb       0x28 ./Middlewares/ST/STM32_USB_Host_Library/Core/Src/usbh_ctlreq.o
 .debug_macro   0x0000000000022113      0x423 ./Middlewares/ST/STM32_USB_Host_Library/Core/Src/usbh_ioreq.o
 .debug_macro   0x0000000000022536      0x423 ./Middlewares/ST/STM32_USB_Host_Library/Core/Src/usbh_pipes.o
 .debug_macro   0x0000000000022959      0x432 ./USB_HOST/App/usb_host.o
 .debug_macro   0x0000000000022d8b       0x52 ./USB_HOST/App/usb_host.o
 .debug_macro   0x0000000000022ddd      0x333 ./USB_HOST/App/usb_host.o
 .debug_macro   0x0000000000023110      0x196 ./USB_HOST/App/usb_host.o
 .debug_macro   0x00000000000232a6      0x162 ./USB_HOST/App/usb_host.o
 .debug_macro   0x0000000000023408      0x433 ./USB_HOST/Target/usbh_conf.o
 .debug_macro   0x000000000002383b      0x21a ./USB_HOST/Target/usbh_platform.o

.debug_line     0x0000000000000000    0x16c6a
 .debug_line    0x0000000000000000      0x8f5 ./Core/Src/main.o
 .debug_line    0x00000000000008f5      0x80f ./Core/Src/stm32f4xx_hal_msp.o
 .debug_line    0x0000000000001104      0x7da ./Core/Src/stm32f4xx_it.o
 .debug_line    0x00000000000018de      0x4cb ./Core/Src/sysmem.o
 .debug_line    0x0000000000001da9      0x781 ./Core/Src/system_stm32f4xx.o
 .debug_line    0x000000000000252a       0x88 ./Core/Startup/startup_stm32f407vgtx.o
 .debug_line    0x00000000000025b2      0x9e7 ./Drivers/STM32F4xx_HAL_Driver/Src/stm32f4xx_hal.o
 .debug_line    0x0000000000002f99      0xc96 ./Drivers/STM32F4xx_HAL_Driver/Src/stm32f4xx_hal_cortex.o
 .debug_line    0x0000000000003c2f      0xb5d ./Drivers/STM32F4xx_HAL_Driver/Src/stm32f4xx_hal_gpio.o
 .debug_line    0x000000000000478c     0x120c ./Drivers/STM32F4xx_HAL_Driver/Src/stm32f4xx_hal_hcd.o
 .debug_line    0x0000000000005998     0x3993 ./Drivers/STM32F4xx_HAL_Driver/Src/stm32f4xx_hal_i2c.o
 .debug_line    0x000000000000932b     0x1380 ./Drivers/STM32F4xx_HAL_Driver/Src/stm32f4xx_hal_i2s.o
 .debug_line    0x000000000000a6ab     0x147f ./Drivers/STM32F4xx_HAL_Driver/Src/stm32f4xx_hal_i2s_ex.o
 .debug_line    0x000000000000bb2a      0xd63 ./Drivers/STM32F4xx_HAL_Driver/Src/stm32f4xx_hal_rcc.o
 .debug_line    0x000000000000c88d      0x9fd ./Drivers/STM32F4xx_HAL_Driver/Src/stm32f4xx_hal_rcc_ex.o
 .debug_line    0x000000000000d28a     0x1c6f ./Drivers/STM32F4xx_HAL_Driver/Src/stm32f4xx_hal_spi.o
 .debug_line    0x000000000000eef9     0x1976 ./Drivers/STM32F4xx_HAL_Driver/Src/stm32f4xx_ll_usb.o
 .debug_line    0x000000000001086f      0xf09 ./Middlewares/ST/STM32_USB_Host_Library/Class/CDC/Src/usbh_cdc.o
 .debug_line    0x0000000000011778     0x1167 ./Middlewares/ST/STM32_USB_Host_Library/Core/Src/usbh_core.o
 .debug_line    0x00000000000128df      0xf1b ./Middlewares/ST/STM32_USB_Host_Library/Core/Src/usbh_ctlreq.o
 .debug_line    0x00000000000137fa      0xae5 ./Middlewares/ST/STM32_USB_Host_Library/Core/Src/usbh_ioreq.o
 .debug_line    0x00000000000142df      0xa8f ./Middlewares/ST/STM32_USB_Host_Library/Core/Src/usbh_pipes.o
 .debug_line    0x0000000000014d6e      0xa79 ./USB_HOST/App/usb_host.o
 .debug_line    0x00000000000157e7      0xd51 ./USB_HOST/Target/usbh_conf.o
 .debug_line    0x0000000000016538      0x732 ./USB_HOST/Target/usbh_platform.o

.debug_str      0x0000000000000000    0xcb67a
 .debug_str     0x0000000000000000    0xc0a8d ./Core/Src/main.o
                                      0xc0dc6 (size before relaxing)
 .debug_str     0x00000000000c0a8d      0x11b ./Core/Src/stm32f4xx_hal_msp.o
                                      0xc0d14 (size before relaxing)
 .debug_str     0x00000000000c0ba8      0x43d ./Core/Src/stm32f4xx_it.o
                                      0xc0756 (size before relaxing)
 .debug_str     0x00000000000c0fe5     0x2213 ./Core/Src/sysmem.o
                                       0x628b (size before relaxing)
 .debug_str     0x00000000000c31f8       0xaf ./Core/Src/system_stm32f4xx.o
                                      0xbfda4 (size before relaxing)
 .debug_str     0x00000000000c32a7       0x36 ./Core/Startup/startup_stm32f407vgtx.o
                                         0x5c (size before relaxing)
 .debug_str     0x00000000000c32dd      0xa54 ./Drivers/STM32F4xx_HAL_Driver/Src/stm32f4xx_hal.o
                                      0xc0886 (size before relaxing)
 .debug_str     0x00000000000c3d31      0x392 ./Drivers/STM32F4xx_HAL_Driver/Src/stm32f4xx_hal_cortex.o
                                      0xc0675 (size before relaxing)
 .debug_str     0x00000000000c40c3      0x15f ./Drivers/STM32F4xx_HAL_Driver/Src/stm32f4xx_hal_gpio.o
                                      0xbff4b (size before relaxing)
 .debug_str     0x00000000000c4222      0x400 ./Drivers/STM32F4xx_HAL_Driver/Src/stm32f4xx_hal_hcd.o
                                      0xc0455 (size before relaxing)
 .debug_str     0x00000000000c4622      0xaa6 ./Drivers/STM32F4xx_HAL_Driver/Src/stm32f4xx_hal_i2c.o
                                      0xc0d26 (size before relaxing)
 .debug_str     0x00000000000c50c8      0x27c ./Drivers/STM32F4xx_HAL_Driver/Src/stm32f4xx_hal_i2s.o
                                      0xc036d (size before relaxing)
 .debug_str     0x00000000000c5344      0x1f1 ./Drivers/STM32F4xx_HAL_Driver/Src/stm32f4xx_hal_i2s_ex.o
                                      0xc02ab (size before relaxing)
 .debug_str     0x00000000000c5535      0x24e ./Drivers/STM32F4xx_HAL_Driver/Src/stm32f4xx_hal_rcc.o
                                      0xc01a6 (size before relaxing)
 .debug_str     0x00000000000c5783      0x113 ./Drivers/STM32F4xx_HAL_Driver/Src/stm32f4xx_hal_rcc_ex.o
                                      0xbfeee (size before relaxing)
 .debug_str     0x00000000000c5896      0x53a ./Drivers/STM32F4xx_HAL_Driver/Src/stm32f4xx_hal_spi.o
                                      0xc0648 (size before relaxing)
 .debug_str     0x00000000000c5dd0      0x643 ./Drivers/STM32F4xx_HAL_Driver/Src/stm32f4xx_ll_usb.o
                                      0xc06c5 (size before relaxing)
 .debug_str     0x00000000000c6413     0x49ca ./Middlewares/ST/STM32_USB_Host_Library/Class/CDC/Src/usbh_cdc.o
                                      0xc6af5 (size before relaxing)
 .debug_str     0x00000000000caddd      0x266 ./Middlewares/ST/STM32_USB_Host_Library/Core/Src/usbh_core.o
                                      0xc5ffb (size before relaxing)
 .debug_str     0x00000000000cb043      0x222 ./Middlewares/ST/STM32_USB_Host_Library/Core/Src/usbh_ctlreq.o
                                      0xc601f (size before relaxing)
 .debug_str     0x00000000000cb265       0xfe ./Middlewares/ST/STM32_USB_Host_Library/Core/Src/usbh_ioreq.o
                                      0xc5e9a (size before relaxing)
 .debug_str     0x00000000000cb363       0x97 ./Middlewares/ST/STM32_USB_Host_Library/Core/Src/usbh_pipes.o
                                      0xc5e1f (size before relaxing)
 .debug_str     0x00000000000cb3fa       0xc7 ./USB_HOST/App/usb_host.o
                                      0xc650c (size before relaxing)
 .debug_str     0x00000000000cb4c1      0x186 ./USB_HOST/Target/usbh_conf.o
                                      0xc6b59 (size before relaxing)
 .debug_str     0x00000000000cb647       0x33 ./USB_HOST/Target/usbh_platform.o
                                      0xbfccd (size before relaxing)

.comment        0x0000000000000000       0x53